muxpart__182: cic_array__GB7, 
muxpart__89: cic_array__GB25, 
muxpart__131: cic_array__GB20, 
muxpart__26: cic_array__GB14, 
blk_mem_gen_0__5: core__GC0, 
muxpart__60: cic_array__GB20, 
muxpart__263: cic_array__GB7, 
muxpart__188: cic_array__GB7, 
muxpart__122: cic_array__GB25, 
muxpart__20: cic_array__GB14, 
case__41: core__GC0, cic_array__GB14, 
datapath__16: core__GC0, cic_array__GB14, 
muxpart__226: cic_array__GB7, 
logic__317: simple_io__GC0, 
muxpart__57: cic_array__GB20, 
logic__14: cic_array__GB14, 
muxpart__186: cic_array__GB7, 
datapath__9: core__GC0, cic_array__GB14, 
cic_array__GB15: cic_array__GB15, 
signinv__6: core__GC0, cic_array__GB14, 
muxpart__75: cic_array__GB25, 
datapath__14: core__GC0, cic_array__GB14, 
muxpart__189: cic_array__GB7, 
muxpart__201: cic_array__GB9, 
reg__25: core__GC0, 
datapath__20: core__GC0, cic_array__GB14, 
cic_array__GB4: cic_array__GB4, 
muxpart__63: cic_array__GB20, 
muxpart__109: cic_array__GB25, 
case__45: core__GC0, cic_array__GB14, 
counter: core__GC0, cic_array__GB14, 
RTL_REG_SYNC4: cic_array__GB25, 
muxpart__169: cic_array__GB20, 
muxpart__184: cic_array__GB7, 
blk_mem_gen_0__3: core__GC0, 
core: cic_array__GB14, 
muxpart__101: cic_array__GB25, 
case__42: core__GC0, cic_array__GB14, 
muxpart__17: cic_array__GB14, 
logic__57: cic_array__GB14, 
cic_array__GB14: cic_array__GB14, 
case__33: core__GC0, cic_array__GB14, 
mux_shift__63: core__GC0, 
reg__5: cic_array__GB14, 
RTL_ROM3: simple_io__GC0, core__GC0, 
muxpart__228: cic_array__GB7, 
logic__307: core__GC0, 
blk_mem_gen_0__6: core__GC0, 
muxpart__84: cic_array__GB25, 
signinv__12: core__GC0, cic_array__GB14, 
RTL_ADD20: simple_io__GC0, core__GC0, 
reg__14: cic_array__GB14, 
muxpart__112: cic_array__GB25, 
cic_array__GB25: cic_array__GB25, 
muxpart__67: cic_array__GB20, 
case__26: core__GC0, cic_array__GB14, 
muxpart__105: cic_array__GB25, 
datapath__6: core__GC0, cic_array__GB14, 
signinv__9: core__GC0, cic_array__GB14, 
blk_mem_gen_10: cic_array__GB13, cic_array__GB11, cic_array__GB15, cic_array__GB20, cic_array__GB10, cic_array__GB5, cic_array__GB19, cic_array__GB12, cic_array__GB23, cic_array__GB4, cic_array__GB0, core__GC0, cic_array__GB17, cic_array__GB18, cic_array__GB16, cic_array__GB3, cic_array__GB25, cic_array__GB22, cic_array__GB7, cic_array__GB21, cic_array__GB9, cic_array__GB2, cic_array__GB24, cic_array__GB1, cic_array__GB14, cic_array__GB8, cic_array__GB6, 
RTL_MUX10: cic_array__GB13, cic_array__GB11, cic_array__GB15, cic_array__GB20, cic_array__GB10, cic_array__GB5, cic_array__GB19, cic_array__GB12, cic_array__GB23, cic_array__GB4, cic_array__GB0, cic_array__GB17, cic_array__GB18, cic_array__GB16, cic_array__GB3, cic_array__GB25, cic_array__GB22, cic_array__GB7, cic_array__GB21, cic_array__GB9, cic_array__GB2, cic_array__GB24, cic_array__GB1, cic_array__GB14, cic_array__GB8, cic_array__GB6, 
muxpart__41: cic_array__GB14, 
logic__13: cic_array__GB14, 
muxpart__98: cic_array__GB20, 
muxpart__78: cic_array__GB25, 
cic_array__GB8: cic_array__GB8, 
datapath__12: core__GC0, cic_array__GB14, 
muxpart__96: cic_array__GB25, 
muxpart__260: cic_array__GB7, 
muxpart__152: cic_array__GB14, 
muxpart__31: cic_array__GB14, 
muxpart__180: cic_array__GB7, 
datapath__5: core__GC0, cic_array__GB14, 
RTL_MUX12: cic_array__GB14, 
case__29: core__GC0, cic_array__GB14, 
muxpart__132: cic_array__GB20, 
RTL_ADD0: cic_array__GB13, cic_array__GB11, cic_array__GB15, cic_array__GB20, cic_array__GB10, cic_array__GB5, cic_array__GB19, cic_array__GB12, cic_array__GB23, cic_array__GB4, cic_array__GB0, cic_array__GB17, cic_array__GB18, cic_array__GB16, cic_array__GB3, cic_array__GB25, cic_array__GB22, cic_array__GB7, cic_array__GB21, cic_array__GB9, cic_array__GB2, cic_array__GB24, cic_array__GB1, cic_array__GB14, cic_array__GB8, cic_array__GB6, 
muxpart__44: cic_array__GB7, 
muxpart__77: cic_array__GB25, 
muxpart__248: cic_array__GB9, 
cic_array__GB13: cic_array__GB13, 
muxpart__36: cic_array__GB14, 
muxpart__197: cic_array__GB9, 
muxpart__261: cic_array__GB7, 
muxpart__174: cic_array__GB7, 
cic_array__GB11: cic_array__GB11, 
reg__27: core__GC0, 
muxpart__198: cic_array__GB9, 
muxpart__124: cic_array__GB25, 
reg__26: core__GC0, 
muxpart__161: cic_array__GB20, 
muxpart__229: cic_array__GB7, 
cic_array__GB24: cic_array__GB24, 
blk_mem_gen_12: core__GC0, cic_array__GB14, 
muxpart__227: cic_array__GB7, 
muxpart__155: cic_array__GB14, 
muxpart__177: cic_array__GB7, 
muxpart__52: cic_array__GB7, 
muxpart__53: cic_array__GB20, 
muxpart__267: cic_array__GB7, 
muxpart__58: cic_array__GB20, 
blk_mem_gen_0__4: core__GC0, 
muxpart__217: cic_array__GB7, 
muxpart__163: cic_array__GB20, 
muxpart__48: cic_array__GB7, 
muxpart__181: cic_array__GB7, 
muxpart__137: cic_array__GB14, 
datapath__15: core__GC0, cic_array__GB14, 
muxpart__175: cic_array__GB7, 
logic__11: core__GC0, cic_array__GB14, 
datapath: core__GC0, cic_array__GB14, 
RTL_REG_ASYNC0: cic_array__GB13, cic_array__GB11, cic_array__GB15, cic_array__GB20, cic_array__GB10, cic_array__GB5, cic_array__GB19, cic_array__GB12, cic_array__GB23, cic_array__GB4, cic_array__GB0, cic_array__GB17, cic_array__GB18, cic_array__GB16, cic_array__GB3, cic_array__GB25, cic_array__GB22, cic_array__GB7, cic_array__GB21, cic_array__GB9, cic_array__GB2, cic_array__GB24, cic_array__GB1, cic_array__GB14, cic_array__GB8, cic_array__GB6, 
muxpart__199: cic_array__GB9, 
blk_mem_gen_1: core__GC0, cic_array__GB14, 
core__GC0: core__GC0, 
case__2: core__GC0, cic_array__GB14, 
datapath__8: core__GC0, cic_array__GB14, 
muxpart__38: cic_array__GB14, 
case__32: core__GC0, cic_array__GB14, 
reg__3034: simple_io__GC0, 
muxpart__47: cic_array__GB7, 
muxpart__85: cic_array__GB25, 
muxpart__54: cic_array__GB20, 
muxpart__140: cic_array__GB14, 
muxpart__249: cic_array__GB9, 
logic: core__GC0, cic_array__GB14, 
muxpart__135: cic_array__GB20, 
muxpart__208: cic_array__GB14, 
muxpart__146: cic_array__GB14, 
datapath__17: core__GC0, cic_array__GB14, 
blk_mem_gen_0: core__GC0, cic_array__GB14, 
muxpart__256: cic_array__GB7, 
logic__41: cic_array__GB13, cic_array__GB11, cic_array__GB15, cic_array__GB20, cic_array__GB10, cic_array__GB5, cic_array__GB19, cic_array__GB12, cic_array__GB23, cic_array__GB4, cic_array__GB0, cic_array__GB17, cic_array__GB18, cic_array__GB16, cic_array__GB3, cic_array__GB25, cic_array__GB22, cic_array__GB7, cic_array__GB21, cic_array__GB9, cic_array__GB2, cic_array__GB24, cic_array__GB1, cic_array__GB14, cic_array__GB8, cic_array__GB6, 
datapath__2: core__GC0, cic_array__GB14, 
logic__316: simple_io__GC0, 
muxpart__203: cic_array__GB14, 
blk_mem_gen_0__14: core__GC0, 
muxpart__254: cic_array__GB7, 
case__35: core__GC0, cic_array__GB14, 
blk_mem_gen_4: core__GC0, cic_array__GB14, 
muxpart__214: cic_array__GB9, 
muxpart__246: cic_array__GB9, 
muxpart__211: cic_array__GB14, 
counter__1: core__GC0, cic_array__GB14, 
cic_array__GB9: cic_array__GB9, 
muxpart__110: cic_array__GB20, 
signinv__4: core__GC0, cic_array__GB14, 
case__36: core__GC0, cic_array__GB14, 
datapath__24: core__GC0, cic_array__GB25, 
muxpart__245: cic_array__GB9, 
reg__22: core__GC0, 
muxpart__90: cic_array__GB25, 
muxpart__153: cic_array__GB14, 
rom: core__GC0, cic_array__GB14, 
RTL_REG1: simple_io__GC0, core__GC0, 
muxpart__99: cic_array__GB20, 
RTL_REG_ASYNC1: cic_array__GB13, cic_array__GB11, cic_array__GB15, cic_array__GB20, cic_array__GB10, cic_array__GB5, cic_array__GB19, cic_array__GB12, cic_array__GB23, cic_array__GB4, cic_array__GB0, cic_array__GB17, cic_array__GB18, cic_array__GB16, cic_array__GB3, cic_array__GB25, cic_array__GB22, cic_array__GB7, cic_array__GB21, cic_array__GB9, cic_array__GB2, cic_array__GB24, cic_array__GB1, cic_array__GB14, cic_array__GB8, cic_array__GB6, 
muxpart__141: cic_array__GB14, 
muxpart__114: cic_array__GB25, 
case__43: core__GC0, cic_array__GB14, 
muxpart__234: cic_array__GB7, 
reg__3037: simple_io__GC0, 
muxpart__196: cic_array__GB9, 
blk_mem_gen_0__12: core__GC0, 
muxpart__86: cic_array__GB25, 
RTL_OR1: cic_array__GB13, cic_array__GB11, cic_array__GB15, cic_array__GB20, cic_array__GB10, cic_array__GB5, cic_array__GB19, cic_array__GB12, cic_array__GB23, cic_array__GB4, cic_array__GB0, cic_array__GB17, cic_array__GB18, cic_array__GB16, cic_array__GB3, cic_array__GB25, cic_array__GB22, cic_array__GB7, cic_array__GB21, cic_array__GB9, cic_array__GB2, cic_array__GB24, cic_array__GB1, cic_array__GB14, cic_array__GB8, cic_array__GB6, 
muxpart__165: cic_array__GB20, 
muxpart__235: cic_array__GB7, 
case__31: core__GC0, cic_array__GB14, 
logic__59: cic_array__GB14, 
muxpart__116: cic_array__GB25, 
muxpart__224: cic_array__GB7, 
cic_array__GB16: cic_array__GB16, 
muxpart__108: cic_array__GB25, 
ram: core__GC0, cic_array__GB14, 
datapath__18: core__GC0, cic_array__GB14, 
muxpart__22: cic_array__GB14, 
datapath__3: core__GC0, cic_array__GB14, 
case__48: core__GC0, cic_array__GB14, 
cic_array__GB10: cic_array__GB10, 
muxpart__216: cic_array__GB7, 
muxpart__206: cic_array__GB14, 
datapath__22: cic_array__GB14, 
blk_mem_gen_8: cic_array__GB13, cic_array__GB11, cic_array__GB15, cic_array__GB20, cic_array__GB10, cic_array__GB5, cic_array__GB19, cic_array__GB12, cic_array__GB23, cic_array__GB4, cic_array__GB0, core__GC0, cic_array__GB17, cic_array__GB18, cic_array__GB16, cic_array__GB3, cic_array__GB25, cic_array__GB22, cic_array__GB7, cic_array__GB21, cic_array__GB9, cic_array__GB2, cic_array__GB24, cic_array__GB1, cic_array__GB14, cic_array__GB8, cic_array__GB6, 
blk_mem_gen_15: core__GC0, cic_array__GB14, 
muxpart__266: cic_array__GB7, 
RTL_REG_SYNC2: cic_array__GB13, cic_array__GB11, cic_array__GB15, cic_array__GB20, cic_array__GB10, cic_array__GB5, cic_array__GB19, cic_array__GB12, cic_array__GB23, cic_array__GB4, cic_array__GB0, cic_array__GB17, cic_array__GB18, cic_array__GB16, cic_array__GB3, cic_array__GB25, cic_array__GB22, cic_array__GB7, cic_array__GB21, cic_array__GB9, cic_array__GB2, cic_array__GB24, cic_array__GB1, cic_array__GB14, cic_array__GB8, cic_array__GB6, 
case__52: cic_array__GB25, cic_array__GB14, 
muxpart__218: cic_array__GB7, 
blk_mem_gen_0__1: core__GC0, 
logic__312: simple_io__GC0, 
logic__311: simple_io__GC0, 
reg__3038: simple_io__GC0, 
RTL_MUX15: core__GC0, 
muxpart__88: cic_array__GB25, 
case__49: core__GC0, cic_array__GB14, 
muxpart__118: cic_array__GB25, 
muxpart__34: cic_array__GB14, 
signinv__14: core__GC0, cic_array__GB14, 
muxpart__193: cic_array__GB9, 
muxpart__142: cic_array__GB14, 
muxpart__168: cic_array__GB20, 
case__5: core__GC0, 
muxpart__258: cic_array__GB7, 
blk_mem_gen_0__7: core__GC0, 
muxpart__162: cic_array__GB20, 
muxpart__39: cic_array__GB14, 
blk_mem_gen_5: core__GC0, cic_array__GB14, 
muxpart__265: cic_array__GB7, 
muxpart__219: cic_array__GB7, 
cic_array: simple_io__GC0, core__GC0, 
case__23: cic_array__GB14, 
signinv__15: core__GC0, cic_array__GB14, 
logic__303: core__GC0, 
muxpart__239: cic_array__GB7, 
datapath__13: core__GC0, cic_array__GB14, 
reg__3042: simple_io__GC0, 
reg__23: core__GC0, 
cic_array__GB18: cic_array__GB18, 
logic__308: core__GC0, 
blk_mem_gen_0__13: core__GC0, 
muxpart__157: cic_array__GB14, 
reg__15: cic_array__GB14, 
muxpart__210: cic_array__GB14, 
muxpart__230: cic_array__GB7, 
signinv__3: core__GC0, cic_array__GB14, 
muxpart__257: cic_array__GB7, 
muxpart__247: cic_array__GB9, 
muxpart__204: cic_array__GB14, 
logic__54: cic_array__GB14, 
muxpart__43: cic_array__GB7, 
reg: cic_array__GB14, 
muxpart__173: cic_array__GB7, 
case__4: core__GC0, cic_array__GB14, 
datapath__1558: core__GC0, 
case__22: cic_array__GB14, 
case__30: core__GC0, cic_array__GB14, 
muxpart__232: cic_array__GB7, 
case__27: core__GC0, cic_array__GB14, 
muxpart__194: cic_array__GB9, 
muxpart__51: cic_array__GB7, 
logic__310: simple_io__GC0, 
case__25: core__GC0, cic_array__GB14, 
muxpart__209: cic_array__GB14, 
muxpart__50: cic_array__GB7, 
i2s_bus__1: core__GC0, 
reg__19: core__GC0, cic_array__GB25, 
muxpart__70: cic_array__GB25, 
muxpart__187: cic_array__GB7, 
signinv__11: core__GC0, cic_array__GB14, 
muxpart__69: cic_array__GB20, 
blk_mem_gen_0__11: core__GC0, 
muxpart__136: cic_array__GB20, 
muxpart__111: cic_array__GB25, 
counter__4: core__GC0, cic_array__GB25, 
muxpart__100: cic_array__GB25, 
muxpart__151: cic_array__GB14, 
blk_mem_gen_14: core__GC0, cic_array__GB14, cic_array__GB0, 
case: core__GC0, cic_array__GB14, 
case__46: core__GC0, cic_array__GB14, 
logic__6: core__GC0, cic_array__GB14, 
muxpart__92: cic_array__GB25, 
blk_mem_gen_6: core__GC0, cic_array__GB14, 
muxpart__107: cic_array__GB25, 
muxpart__62: cic_array__GB20, 
muxpart__35: cic_array__GB14, 
reg__3032: simple_io__GC0, 
muxpart__104: cic_array__GB25, 
muxpart__222: cic_array__GB7, 
muxpart__149: cic_array__GB14, 
muxpart__178: cic_array__GB7, 
RTL_ADD17: core__GC0, 
muxpart__138: cic_array__GB14, 
simple_io__GC0: simple_io__GC0, 
cic_array__GB19: cic_array__GB19, 
state_machine: cic_array__GB13, cic_array__GB11, cic_array__GB15, cic_array__GB20, cic_array__GB10, cic_array__GB5, cic_array__GB19, cic_array__GB12, cic_array__GB23, cic_array__GB4, cic_array__GB0, core__GC0, cic_array__GB17, cic_array__GB18, cic_array__GB16, cic_array__GB3, cic_array__GB25, cic_array__GB22, cic_array__GB7, cic_array__GB21, cic_array__GB9, cic_array__GB2, cic_array__GB24, cic_array__GB1, cic_array__GB14, cic_array__GB8, cic_array__GB6, 
muxpart__250: cic_array__GB9, 
muxpart__183: cic_array__GB7, 
muxpart__24: cic_array__GB14, 
muxpart__66: cic_array__GB20, 
logic__40: cic_array__GB13, cic_array__GB11, cic_array__GB15, cic_array__GB20, cic_array__GB10, cic_array__GB5, cic_array__GB19, cic_array__GB12, cic_array__GB23, cic_array__GB4, cic_array__GB0, cic_array__GB17, cic_array__GB18, cic_array__GB16, cic_array__GB3, cic_array__GB25, cic_array__GB22, cic_array__GB7, cic_array__GB21, cic_array__GB9, cic_array__GB2, cic_array__GB24, cic_array__GB1, cic_array__GB14, cic_array__GB8, cic_array__GB6, 
muxpart__123: cic_array__GB25, 
case__44: core__GC0, cic_array__GB14, 
logic__58: cic_array__GB14, 
muxpart__113: cic_array__GB25, 
signinv__1: core__GC0, cic_array__GB14, 
multi_ddr_to_sdr: cic_array__GB13, cic_array__GB11, cic_array__GB15, cic_array__GB20, cic_array__GB10, cic_array__GB5, cic_array__GB19, cic_array__GB12, cic_array__GB23, cic_array__GB4, cic_array__GB0, cic_array__GB17, cic_array__GB18, cic_array__GB16, cic_array__GB3, cic_array__GB25, cic_array__GB22, cic_array__GB7, cic_array__GB21, cic_array__GB9, cic_array__GB2, cic_array__GB24, cic_array__GB1, cic_array__GB14, cic_array__GB8, cic_array__GB6, 
muxpart__129: cic_array__GB20, 
muxpart__23: cic_array__GB14, 
muxpart__133: cic_array__GB20, 
muxpart__143: cic_array__GB14, 
muxpart__103: cic_array__GB25, 
case__3: core__GC0, cic_array__GB14, 
muxpart__42: cic_array__GB14, 
cic_array__GB0: cic_array__GB0, 
reg__13: cic_array__GB14, 
signinv__5: core__GC0, cic_array__GB14, 
muxpart__259: cic_array__GB7, 
muxpart__125: cic_array__GB25, 
signinv__13: core__GC0, cic_array__GB14, 
blk_mem_gen_11: cic_array__GB13, cic_array__GB11, cic_array__GB15, cic_array__GB20, cic_array__GB10, cic_array__GB5, cic_array__GB19, cic_array__GB12, cic_array__GB23, cic_array__GB4, cic_array__GB0, core__GC0, cic_array__GB17, cic_array__GB18, cic_array__GB16, cic_array__GB3, cic_array__GB25, cic_array__GB22, cic_array__GB7, cic_array__GB21, cic_array__GB9, cic_array__GB2, cic_array__GB24, cic_array__GB1, cic_array__GB14, cic_array__GB8, cic_array__GB6, 
muxpart__167: cic_array__GB20, 
cic_array__GB20: cic_array__GB20, 
muxpart__119: cic_array__GB25, 
case__51: core__GC0, cic_array__GB14, 
datapath__4: core__GC0, cic_array__GB14, 
muxpart__59: cic_array__GB20, 
signinv__10: core__GC0, cic_array__GB14, 
muxpart__117: cic_array__GB25, 
reg__3039: simple_io__GC0, 
signinv__8: core__GC0, cic_array__GB14, 
muxpart__94: cic_array__GB25, 
blk_mem_gen_7: core__GC0, cic_array__GB14, 
fifo_generator_0__1: simple_io__GC0, 
logic__306: core__GC0, 
RTL_AND: cic_array__GB25, 
muxpart__121: cic_array__GB25, 
datapath__21: cic_array__GB14, 
cic_array__GB22: cic_array__GB22, 
muxpart__253: cic_array__GB7, 
reg__3036: simple_io__GC0, 
muxpart__231: cic_array__GB7, 
counter__1027: core__GC0, 
muxpart__83: cic_array__GB25, 
case__54: core__GC0, cic_array__GB14, 
muxpart__225: cic_array__GB7, 
muxpart__40: cic_array__GB14, 
muxpart__29: cic_array__GB14, 
blk_mem_gen_2: core__GC0, cic_array__GB14, 
muxpart__220: cic_array__GB7, 
case__1: core__GC0, cic_array__GB14, 
cic_array__GB17: cic_array__GB17, 
muxpart__242: cic_array__GB9, 
reg__3040: simple_io__GC0, 
muxpart__76: cic_array__GB25, 
reg__12: cic_array__GB14, 
reg__2: cic_array__GB14, 
mux_shift: core__GC0, cic_array__GB14, 
muxpart__72: cic_array__GB25, 
muxpart__61: cic_array__GB20, 
datapath__19: core__GC0, cic_array__GB14, 
cic_array__GB21: cic_array__GB21, 
muxpart__33: cic_array__GB14, 
logic__309: simple_io__GC0, 
RTL_OR0: cic_array__GB14, 
muxpart__215: cic_array__GB9, 
reg__3035: simple_io__GC0, 
RTL_ADD26: cic_array__GB25, 
muxpart__71: cic_array__GB25, 
muxpart__91: cic_array__GB25, 
muxpart__79: cic_array__GB25, 
muxpart__56: cic_array__GB20, 
muxpart__14: cic_array__GB14, 
muxpart__190: cic_array__GB7, 
blk_mem_gen_0__10: core__GC0, 
blk_mem_gen_9: cic_array__GB13, cic_array__GB11, cic_array__GB15, cic_array__GB20, cic_array__GB10, cic_array__GB5, cic_array__GB19, cic_array__GB12, cic_array__GB23, cic_array__GB4, cic_array__GB0, core__GC0, cic_array__GB17, cic_array__GB18, cic_array__GB16, cic_array__GB3, cic_array__GB25, cic_array__GB22, cic_array__GB7, cic_array__GB21, cic_array__GB9, cic_array__GB2, cic_array__GB24, cic_array__GB1, cic_array__GB14, cic_array__GB8, cic_array__GB6, 
muxpart__252: cic_array__GB7, 
muxpart__158: cic_array__GB14, 
muxpart__46: cic_array__GB7, 
muxpart__145: cic_array__GB14, 
cic_array__GB23: cic_array__GB23, 
muxpart__148: cic_array__GB14, 
reg__18: core__GC0, cic_array__GB25, 
RTL_MUX14: cic_array__GB10, 
muxpart__240: cic_array__GB7, 
logic__17: cic_array__GB14, 
RTL_ADD19: simple_io__GC0, 
muxpart__212: cic_array__GB14, 
muxpart__185: cic_array__GB7, 
reg__4: cic_array__GB14, 
muxpart__221: cic_array__GB7, 
clk_wiz_0: cic_array__GB13, cic_array__GB11, cic_array__GB15, simple_io__GC0, cic_array__GB20, cic_array__GB10, cic_array__GB5, cic_array__GB19, cic_array__GB12, cic_array__GB23, cic_array__GB4, cic_array__GB0, cic_array__GB17, cic_array__GB18, cic_array__GB16, cic_array__GB3, cic_array__GB25, cic_array__GB22, cic_array__GB7, cic_array__GB21, cic_array__GB9, cic_array__GB2, cic_array__GB24, cic_array__GB1, cic_array__GB14, cic_array__GB8, cic_array__GB6, 
signinv__2: core__GC0, cic_array__GB14, 
reg__3033: simple_io__GC0, 
adder5bit16way: core__GC0, cic_array__GB14, 
muxpart__144: cic_array__GB14, 
muxpart__45: cic_array__GB7, 
muxpart__192: cic_array__GB9, 
signinv__7: core__GC0, cic_array__GB14, 
muxpart__179: cic_array__GB7, 
muxpart__205: cic_array__GB14, 
case__28: core__GC0, cic_array__GB14, 
datapath__11: core__GC0, cic_array__GB14, 
muxpart__170: cic_array__GB20, 
case__38: core__GC0, cic_array__GB14, 
reg__21: core__GC0, 
cic_array__GB3: cic_array__GB3, 
muxpart__207: cic_array__GB14, 
muxpart__82: cic_array__GB25, 
muxpart__172: cic_array__GB14, 
i2s_bus: core__GC0, cic_array__GB14, 
muxpart__166: cic_array__GB20, 
muxpart__27: cic_array__GB14, 
reg__1: cic_array__GB14, 
muxpart__164: cic_array__GB20, 
muxpart__171: cic_array__GB20, 
muxpart__126: cic_array__GB25, 
blk_mem_gen_16: core__GC0, cic_array__GB14, 
datapath__1: core__GC0, cic_array__GB14, 
counter__3: cic_array__GB13, cic_array__GB11, cic_array__GB15, cic_array__GB20, cic_array__GB10, cic_array__GB5, cic_array__GB19, cic_array__GB12, cic_array__GB23, cic_array__GB4, cic_array__GB0, cic_array__GB17, cic_array__GB18, cic_array__GB16, cic_array__GB3, cic_array__GB25, cic_array__GB22, cic_array__GB7, cic_array__GB21, cic_array__GB9, cic_array__GB2, cic_array__GB24, cic_array__GB1, cic_array__GB14, cic_array__GB8, cic_array__GB6, 
muxpart__160: cic_array__GB20, 
case__24: core__GC0, cic_array__GB14, 
fifo_generator_0: simple_io__GC0, 
logic__12: cic_array__GB14, 
muxpart__264: cic_array__GB7, 
datapath__7: core__GC0, cic_array__GB14, 
counter__2: cic_array__GB14, 
case__34: core__GC0, cic_array__GB14, 
cic_array__GB5: cic_array__GB5, 
muxpart__93: cic_array__GB25, 
RTL_REG_SYNC3: cic_array__GB0, 
blk_mem_gen_0__9: core__GC0, 
logic__10: core__GC0, cic_array__GB14, 
muxpart__115: cic_array__GB25, 
muxpart__195: cic_array__GB9, 
muxpart__233: cic_array__GB7, 
RTL_MUX30: simple_io__GC0, 
muxpart__241: cic_array__GB7, 
reg__3: cic_array__GB14, 
blk_mem_gen_0__8: core__GC0, 
muxpart__19: cic_array__GB14, 
muxpart__73: cic_array__GB25, 
reg__10: cic_array__GB14, 
muxpart__176: cic_array__GB7, 
cic: cic_array__GB13, cic_array__GB11, cic_array__GB15, cic_array__GB20, cic_array__GB10, cic_array__GB5, cic_array__GB19, cic_array__GB12, cic_array__GB23, cic_array__GB4, cic_array__GB0, cic_array__GB17, cic_array__GB18, cic_array__GB16, cic_array__GB3, cic_array__GB25, cic_array__GB22, cic_array__GB7, cic_array__GB21, cic_array__GB9, cic_array__GB2, cic_array__GB24, cic_array__GB1, cic_array__GB14, cic_array__GB8, cic_array__GB6, 
muxpart__244: cic_array__GB9, 
case__55: cic_array__GB14, 
case__50: core__GC0, cic_array__GB14, 
muxpart__128: cic_array__GB20, 
muxpart__81: cic_array__GB25, 
cic_array__GB12: cic_array__GB12, 
case__53: core__GC0, cic_array__GB14, 
RTL_MUX11: cic_array__GB14, 
case__39: core__GC0, cic_array__GB14, 
reg__8: cic_array__GB14, 
muxpart__147: cic_array__GB14, 
case__37: core__GC0, cic_array__GB14, 
reg__3031: simple_io__GC0, 
muxpart__28: cic_array__GB14, 
muxpart__65: cic_array__GB20, 
muxpart__16: cic_array__GB14, 
reg__20: core__GC0, cic_array__GB25, 
muxpart__134: cic_array__GB20, 
muxpart__130: cic_array__GB20, 
cic_array__GB2: cic_array__GB2, 
muxpart__120: cic_array__GB25, 
muxpart__32: cic_array__GB14, 
reg__3041: simple_io__GC0, 
muxpart__30: cic_array__GB14, 
reg__11: cic_array__GB13, cic_array__GB11, cic_array__GB15, cic_array__GB20, cic_array__GB10, cic_array__GB5, cic_array__GB19, cic_array__GB12, cic_array__GB23, cic_array__GB4, cic_array__GB0, cic_array__GB17, cic_array__GB18, cic_array__GB16, cic_array__GB3, cic_array__GB25, cic_array__GB22, cic_array__GB7, cic_array__GB21, cic_array__GB9, cic_array__GB2, cic_array__GB24, cic_array__GB1, cic_array__GB14, cic_array__GB8, cic_array__GB6, 
reg__9: cic_array__GB14, 
muxpart__200: cic_array__GB9, 
differentiator: cic_array__GB13, cic_array__GB11, cic_array__GB15, cic_array__GB20, cic_array__GB10, cic_array__GB5, cic_array__GB19, cic_array__GB12, cic_array__GB23, cic_array__GB4, cic_array__GB0, cic_array__GB17, cic_array__GB18, cic_array__GB16, cic_array__GB3, cic_array__GB25, cic_array__GB22, cic_array__GB7, cic_array__GB21, cic_array__GB9, cic_array__GB2, cic_array__GB24, cic_array__GB1, cic_array__GB14, cic_array__GB8, cic_array__GB6, 
muxpart__74: cic_array__GB25, 
muxpart__139: cic_array__GB14, 
muxpart__251: cic_array__GB7, 
blk_mem_gen_0__15: core__GC0, 
muxpart__156: cic_array__GB14, 
muxpart__262: cic_array__GB7, 
muxpart__237: cic_array__GB7, 
logic__9: core__GC0, cic_array__GB14, 
muxpart__49: cic_array__GB7, 
muxpart__159: cic_array__GB14, 
cic_array__GB1: cic_array__GB1, 
muxpart__95: cic_array__GB25, 
muxpart__37: cic_array__GB14, 
muxpart__127: cic_array__GB20, 
muxpart__236: cic_array__GB7, 
signinv: core__GC0, cic_array__GB14, 
reg__24: core__GC0, 
muxpart__106: cic_array__GB25, 
muxpart__55: cic_array__GB20, 
muxpart__243: cic_array__GB9, 
logic__1: core__GC0, cic_array__GB14, 
muxpart__191: cic_array__GB9, 
muxpart__97: cic_array__GB25, 
case__40: core__GC0, cic_array__GB14, 
blk_mem_gen_3: core__GC0, cic_array__GB14, 
muxpart__25: cic_array__GB14, 
muxpart__213: cic_array__GB14, 
muxpart__202: cic_array__GB9, 
muxpart__68: cic_array__GB20, 
case__47: core__GC0, cic_array__GB14, 
muxpart__150: cic_array__GB14, 
muxpart__268: cic_array__GB7, 
blk_mem_gen_0__2: core__GC0, 
muxpart__238: cic_array__GB7, 
muxpart__154: cic_array__GB14, 
muxpart__80: cic_array__GB25, 
muxpart__64: cic_array__GB20, 
muxpart__87: cic_array__GB20, 
datapath__10: core__GC0, cic_array__GB14, 
blk_mem_gen_13: core__GC0, cic_array__GB14, 
cic_array__GB6: cic_array__GB6, 
muxpart__255: cic_array__GB7, 
cic_array__GB7: cic_array__GB7, 
RTL_MUX1: cic_array__GB25, 
muxpart__102: cic_array__GB25, 
muxpart__223: cic_array__GB7, 
