
*** Running vivado
    with args -log blk_mem_gen_2.vds -m64 -product Vivado -mode batch -messageDb vivado.pb -notrace -source blk_mem_gen_2.tcl



****** Vivado v2024.1 (64-bit)
  **** SW Build 5076996 on Wed May 22 18:37:14 MDT 2024
  **** IP Build 5075265 on Wed May 22 21:45:21 MDT 2024
  **** SharedData Build 5076995 on Wed May 22 18:29:18 MDT 2024
  **** Start of session at: Sat Mar  8 11:52:04 2025
    ** Copyright 1986-2022 Xilinx, Inc. All Rights Reserved.
    ** Copyright 2022-2024 Advanced Micro Devices, Inc. All Rights Reserved.

source blk_mem_gen_2.tcl -notrace
create_project: Time (s): cpu = 00:00:06 ; elapsed = 00:00:06 . Memory (MB): peak = 594.578 ; gain = 238.414
INFO: [IP_Flow 19-234] Refreshing IP repositories
INFO: [IP_Flow 19-1700] Loaded user IP repository 'c:/Users/arg/Documents/GitHub/FPGA/First_Project'.
WARNING: [IP_Flow 19-3656] If you move the project, the path for repository 'c:/Users/arg/Documents/GitHub/FPGA/First_Project' may become invalid. A better location for the repository would be in a path adjacent to the project. (Current project location is 'c:/Users/arg/Documents/GitHub/FPGA/First_Project/First_Project.runs/blk_mem_gen_2_synth_1'.)
INFO: [IP_Flow 19-2313] Loaded Vivado IP repository 'C:/Xilinx/Vivado/2024.1/data/ip'.
update_ip_catalog: Time (s): cpu = 00:00:01 ; elapsed = 00:00:06 . Memory (MB): peak = 597.586 ; gain = 3.008
INFO: [IP_Flow 19-6924] IPCACHE: Running cache check for IP inst: blk_mem_gen_2
INFO: [IP_Flow 19-6922] IPCACHE: Exporting cached entry d09699e32ef2010f to dir: C:/Users/arg/Documents/GitHub/FPGA/First_Project/First_Project.runs/blk_mem_gen_2_synth_1
INFO: [IP_Flow 19-6928] IPCACHE: copied cached file c:/Users/arg/Documents/GitHub/FPGA/First_Project/First_Project.cache/ip/2024.1/d/0/d09699e32ef2010f/blk_mem_gen_2.dcp to C:/Users/arg/Documents/GitHub/FPGA/First_Project/First_Project.runs/blk_mem_gen_2_synth_1/blk_mem_gen_2.dcp.
INFO: [IP_Flow 19-6928] IPCACHE: copied cached file c:/Users/arg/Documents/GitHub/FPGA/First_Project/First_Project.cache/ip/2024.1/d/0/d09699e32ef2010f/blk_mem_gen_2_sim_netlist.v to C:/Users/arg/Documents/GitHub/FPGA/First_Project/First_Project.runs/blk_mem_gen_2_synth_1/blk_mem_gen_2_sim_netlist.v.
INFO: [IP_Flow 19-6928] IPCACHE: copied cached file c:/Users/arg/Documents/GitHub/FPGA/First_Project/First_Project.cache/ip/2024.1/d/0/d09699e32ef2010f/blk_mem_gen_2_sim_netlist.vhdl to C:/Users/arg/Documents/GitHub/FPGA/First_Project/First_Project.runs/blk_mem_gen_2_synth_1/blk_mem_gen_2_sim_netlist.vhdl.
INFO: [IP_Flow 19-6928] IPCACHE: copied cached file c:/Users/arg/Documents/GitHub/FPGA/First_Project/First_Project.cache/ip/2024.1/d/0/d09699e32ef2010f/blk_mem_gen_2_stub.v to C:/Users/arg/Documents/GitHub/FPGA/First_Project/First_Project.runs/blk_mem_gen_2_synth_1/blk_mem_gen_2_stub.v.
INFO: [IP_Flow 19-6928] IPCACHE: copied cached file c:/Users/arg/Documents/GitHub/FPGA/First_Project/First_Project.cache/ip/2024.1/d/0/d09699e32ef2010f/blk_mem_gen_2_stub.vhdl to C:/Users/arg/Documents/GitHub/FPGA/First_Project/First_Project.runs/blk_mem_gen_2_synth_1/blk_mem_gen_2_stub.vhdl.
INFO: [IP_Flow 19-4838] Using cached IP synthesis design for IP blk_mem_gen_2, cache-ID = d09699e32ef2010f.
INFO: [Common 17-206] Exiting Vivado at Sat Mar  8 11:52:20 2025...
