Vivado Simulator v2024.1
Copyright 1986-2022 Xilinx, Inc. All Rights Reserved.
Copyright 2022-2024 Advanced Micro Devices, Inc. All Rights Reserved.
Running: C:/Xilinx/Vivado/2024.1/bin/unwrapped/win64.o/xelab.exe --incr --debug typical --relax --mt 2 -L xil_defaultlib -L fifo_generator_v13_2_10 -L blk_mem_gen_v8_4_8 -L unisims_ver -L unimacro_ver -L secureip -L xpm --snapshot testbench_top_level_behav xil_defaultlib.testbench_top_level xil_defaultlib.glbl -log elaborate.log 
Using 2 slave threads.
Starting static elaboration
Pass Through NonSizing Optimizer
WARNING: [VRFC 10-3091] actual bit length 32 differs from formal bit length 1 for port 'core_num' [C:/Users/arg/Documents/GitHub/FPGA/First_Project/First_Project.srcs/sources_1/new/simple_io.v:286]
Completed static elaboration
Starting simulation data flow analysis
Completed simulation data flow analysis
Time Resolution for simulation is 1ps
Compiling module unisims_ver.IBUF
Compiling module unisims_ver.PLLE2_ADV(CLKFBOUT_MULT=8,CLKIN1...
Compiling module unisims_ver.BUFG
Compiling module xil_defaultlib.clk_wiz_0_clk_wiz
Compiling module xil_defaultlib.clk_wiz_0
Compiling module xil_defaultlib.dmic_clockgen
Compiling module xil_defaultlib.ddr_to_sdr
Compiling module xil_defaultlib.multi_ddr_to_sdr_default
Compiling module fifo_generator_v13_2_10.fifo_generator_v13_2_10_sync_sta...
Compiling module fifo_generator_v13_2_10.fifo_generator_v13_2_10_bhv_ver_...
Compiling module fifo_generator_v13_2_10.fifo_generator_v13_2_10_CONV_VER...
Compiling module fifo_generator_v13_2_10.fifo_generator_vlog_beh(C_DATA_C...
Compiling module xil_defaultlib.fifo_generator_0
Compiling module xil_defaultlib.cycle_starter
Compiling module blk_mem_gen_v8_4_8.blk_mem_gen_v8_4_8_output_stage(...
Compiling module blk_mem_gen_v8_4_8.blk_mem_gen_v8_4_8_softecc_outpu...
Compiling module blk_mem_gen_v8_4_8.blk_mem_gen_v8_4_8_mem_module(C_...
Compiling module blk_mem_gen_v8_4_8.blk_mem_axi_regs_fwd_v8_4(C_DATA...
Compiling module blk_mem_gen_v8_4_8.blk_mem_gen_v8_4_8(C_FAMILY="art...
Compiling module xil_defaultlib.blk_mem_gen_0
Compiling module xil_defaultlib.ram
Compiling module xil_defaultlib.adder5bit16way
Compiling module blk_mem_gen_v8_4_8.blk_mem_gen_v8_4_8_output_stage(...
Compiling module blk_mem_gen_v8_4_8.blk_mem_gen_v8_4_8_output_stage(...
Compiling module blk_mem_gen_v8_4_8.blk_mem_gen_v8_4_8_softecc_outpu...
Compiling module blk_mem_gen_v8_4_8.blk_mem_gen_v8_4_8_mem_module(C_...
Compiling module blk_mem_gen_v8_4_8.blk_mem_gen_v8_4_8(C_FAMILY="art...
Compiling module xil_defaultlib.blk_mem_gen_18
Compiling module xil_defaultlib.cic_controller
Compiling module xil_defaultlib.alt_cic_filter
Compiling module xil_defaultlib.core
Compiling module xil_defaultlib.output_controller
Compiling module fifo_generator_v13_2_10.fifo_generator_v13_2_10_bhv_ver_...
Compiling module fifo_generator_v13_2_10.fifo_generator_v13_2_10_CONV_VER...
Compiling module fifo_generator_v13_2_10.fifo_generator_vlog_beh(C_COMMON...
Compiling module xil_defaultlib.fifo_generator_2
Compiling module xil_defaultlib.uart_tx_r2
Compiling module xil_defaultlib.output_terminal
Compiling module xil_defaultlib.simple_io
Compiling module xil_defaultlib.testbench_top_level
Compiling module xil_defaultlib.glbl
Built simulation snapshot testbench_top_level_behav
