Copyright 1986-2022 Xilinx, Inc. All Rights Reserved. Copyright 2022-2024 Advanced Micro Devices, Inc. All Rights Reserved.
---------------------------------------------------------------------------------------------------------------------------------------------
| Tool Version : Vivado v.2024.1 (win64) Build 5076996 Wed May 22 18:37:14 MDT 2024
| Date         : Mon Mar  3 02:35:06 2025
| Host         : DEKTOP-MOV670 running 64-bit major release  (build 9200)
| Command      : report_control_sets -verbose -file simple_io_control_sets_placed.rpt
| Design       : simple_io
| Device       : xc7a35t
---------------------------------------------------------------------------------------------------------------------------------------------

Control Set Information

Table of Contents
-----------------
1. Summary
2. Histogram
3. Flip-Flop Distribution
4. Detailed Control Set Information

1. Summary
----------

+----------------------------------------------------------+-------+
|                          Status                          | Count |
+----------------------------------------------------------+-------+
| Total control sets                                       |    37 |
|    Minimum number of control sets                        |    37 |
|    Addition due to synthesis replication                 |     0 |
|    Addition due to physical synthesis replication        |     0 |
| Unused register locations in slices containing registers |    62 |
+----------------------------------------------------------+-------+
* Control sets can be merged at opt_design using control_set_merge or merge_equivalent_drivers
** Run report_qor_suggestions for automated merging and remapping suggestions


2. Histogram
------------

+--------------------+-------+
|       Fanout       | Count |
+--------------------+-------+
| Total control sets |    37 |
| >= 0 to < 4        |     5 |
| >= 4 to < 6        |     1 |
| >= 6 to < 8        |     0 |
| >= 8 to < 10       |     7 |
| >= 10 to < 12      |     0 |
| >= 12 to < 14      |     2 |
| >= 14 to < 16      |     1 |
| >= 16              |    21 |
+--------------------+-------+
* Control sets can be remapped at either synth_design or opt_design


3. Flip-Flop Distribution
-------------------------

+--------------+-----------------------+------------------------+-----------------+--------------+
| Clock Enable | Synchronous Set/Reset | Asynchronous Set/Reset | Total Registers | Total Slices |
+--------------+-----------------------+------------------------+-----------------+--------------+
| No           | No                    | No                     |             144 |           42 |
| No           | No                    | Yes                    |              55 |           26 |
| No           | Yes                   | No                     |               5 |            3 |
| Yes          | No                    | No                     |              23 |            9 |
| Yes          | No                    | Yes                    |             419 |          120 |
| Yes          | Yes                   | No                     |              60 |           18 |
+--------------+-----------------------+------------------------+-----------------+--------------+


4. Detailed Control Set Information
-----------------------------------

+----------------------------------+-----------------------------------------------------------------------------------------------------------------------+------------------------------------------------------------------------------------------------------------------------+------------------+----------------+--------------+
|           Clock Signal           |                                                     Enable Signal                                                     |                                                    Set/Reset Signal                                                    | Slice Load Count | Bel Load Count | Bels / Slice |
+----------------------------------+-----------------------------------------------------------------------------------------------------------------------+------------------------------------------------------------------------------------------------------------------------+------------------+----------------+--------------+
|  clock_wiz_0/inst/clk_out2       |                                                                                                                       | output_terminal_inst/uart_fifo_inst/U0/inst_fifo_gen/gconvfifo.rf/grf.rf/gntv_or_sync_fifo.gl0.wr/gwss.wsts/ram_full_i |                1 |              1 |         1.00 |
|  clock_wiz_0/inst/clk_out2       | output_terminal_inst/UART_TX_INST/r_SM_Main[2]                                                                        |                                                                                                                        |                1 |              1 |         1.00 |
| ~clock_wiz_0/inst/clk_out2       |                                                                                                                       |                                                                                                                        |                1 |              1 |         1.00 |
| ~clock_wiz_0/inst/clk_out2       |                                                                                                                       | btnC_IBUF                                                                                                              |                1 |              1 |         1.00 |
|  clock_wiz_0/inst/clk_out2       | core_0/cic_controller_inst/read_start[12]_i_1_n_0                                                                     | btnC_IBUF                                                                                                              |                1 |              2 |         2.00 |
|  clock_wiz_0/inst/clk_out2       | core_0/cic_controller_inst/reg_addr_ctr[3]_i_2_n_0                                                                    | core_0/cic_controller_inst/reg_addr_ctr[3]_i_1_n_0                                                                     |                2 |              4 |         2.00 |
|  clock_wiz_0/inst/clk_out2       | out_controller_inst/ctr                                                                                               | btnC_IBUF                                                                                                              |                2 |              8 |         4.00 |
|  clock_wiz_0/inst/clk_out2       | out_controller_inst/output_byte[7]_i_1_n_0                                                                            | btnC_IBUF                                                                                                              |                2 |              8 |         4.00 |
|  clock_wiz_0/inst/clk_out2       | output_terminal_inst/UART_TX_INST/r_Clock_Count_1                                                                     | output_terminal_inst/UART_TX_INST/r_Clock_Count0                                                                       |                4 |              8 |         2.00 |
|  clock_wiz_0/inst/clk_out2       | output_terminal_inst/UART_TX_INST/r_Tx_Data_0                                                                         |                                                                                                                        |                3 |              8 |         2.67 |
|  dmic_clockgen_inst/vauxp14_OBUF | u_multi_ddr_to_sdr/ddr_to_sdr_inst[0].u_ddr_to_sdr/ddr_data_low                                                       | btnC_IBUF                                                                                                              |                4 |              8 |         2.00 |
|  dmic_clockgen_inst/vauxp14_OBUF | JC_IBUF__0_BUFG[3]                                                                                                    | btnC_IBUF                                                                                                              |                3 |              8 |         2.67 |
|  clock_wiz_0/inst/clk_out1       |                                                                                                                       | btnC_IBUF                                                                                                              |                2 |              9 |         4.50 |
|  clock_wiz_0/inst/clk_out2       | core_0/cic_controller_inst/data_addr_counter[11]_i_1_n_0                                                              | btnC_IBUF                                                                                                              |                5 |             12 |         2.40 |
|  clock_wiz_0/inst/clk_out2       | core_0/cic_controller_inst/cic_dif_en_i_1_n_0                                                                         | btnC_IBUF                                                                                                              |                4 |             13 |         3.25 |
|  clock_wiz_0/inst/clk_out2       | output_fifo_wr_en                                                                                                     |                                                                                                                        |                5 |             14 |         2.80 |
|  JC_IBUF__0_BUFG[3]              |                                                                                                                       | btnC_IBUF                                                                                                              |                9 |             21 |         2.33 |
|  clock_wiz_0/inst/clk_out2       | core_0/cic_controller_inst/integrator_1                                                                               | btnC_IBUF                                                                                                              |                6 |             24 |         4.00 |
|  clock_wiz_0/inst/clk_out2       | core_0/cic_controller_inst/integrator_2                                                                               | btnC_IBUF                                                                                                              |                6 |             24 |         4.00 |
|  clock_wiz_0/inst/clk_out2       | core_0/cic_controller_inst/E[0]                                                                                       | btnC_IBUF                                                                                                              |               11 |             24 |         2.18 |
|  clock_wiz_0/inst/clk_out2       | out_controller_inst/s_data[23]_i_1_n_0                                                                                | btnC_IBUF                                                                                                              |                7 |             24 |         3.43 |
|  clock_wiz_0/inst/clk_out2       | output_fifo/U0/inst_fifo_gen/gconvfifo.rf/grf.rf/gntv_or_sync_fifo.gl0.wr/gwas.wsts/E[0]                              | btnC_IBUF                                                                                                              |                6 |             24 |         4.00 |
|  clock_wiz_0/inst/clk_out2       | dmic_fifo/U0/inst_fifo_gen/gconvfifo.rf/grf.rf/gntv_or_sync_fifo.gl0.rd/gras.rsts/E[0]                                | btnC_IBUF                                                                                                              |                4 |             24 |         6.00 |
|  clock_wiz_0/inst/clk_out2       | core_0/cic_controller_inst/reg_load_en_d2_reg_rep_5[0]                                                                | btnC_IBUF                                                                                                              |                6 |             24 |         4.00 |
|  clock_wiz_0/inst/clk_out2       | core_0/cic_controller_inst/reg_load_en_d2_reg_rep_2[0]                                                                | btnC_IBUF                                                                                                              |                6 |             24 |         4.00 |
|  clock_wiz_0/inst/clk_out2       | output_terminal_inst/uart_fifo_inst/U0/inst_fifo_gen/gconvfifo.rf/grf.rf/gntv_or_sync_fifo.gl0.rd/grss.rsts/ram_rd_en | btnC_IBUF                                                                                                              |                6 |             24 |         4.00 |
|  clock_wiz_0/inst/clk_out2       | output_terminal_inst/uart_fifo_inst/U0/inst_fifo_gen/gconvfifo.rf/grf.rf/gntv_or_sync_fifo.gl0.wr/gwss.wsts/E[0]      | btnC_IBUF                                                                                                              |                6 |             24 |         4.00 |
|  clock_wiz_0/inst/clk_out2       | core_0/cic_controller_inst/reg_load_en_d2_reg_rep__0_1[0]                                                             | btnC_IBUF                                                                                                              |               10 |             24 |         2.40 |
|  clock_wiz_0/inst/clk_out2       | core_0/cic_controller_inst/reg_load_en_d2_reg_rep_1[0]                                                                | btnC_IBUF                                                                                                              |                6 |             24 |         4.00 |
|  clock_wiz_0/inst/clk_out2       | core_0/cic_controller_inst/reg_load_en_d2_reg_rep_4[0]                                                                | btnC_IBUF                                                                                                              |                9 |             24 |         2.67 |
|  clock_wiz_0/inst/clk_out2       | core_0/cic_controller_inst/reg_load_en_d2_reg_rep_3[0]                                                                | btnC_IBUF                                                                                                              |                6 |             24 |         4.00 |
|  clock_wiz_0/inst/clk_out2       | core_0/cic_controller_inst/integrator_0                                                                               | btnC_IBUF                                                                                                              |                6 |             24 |         4.00 |
|  JC_IBUF__0_BUFG[3]              | output_fifo/U0/inst_fifo_gen/gconvfifo.rf/grf.rf/gntv_or_sync_fifo.gl0.rd/gras.rsts/E[0]                              | btnC_IBUF                                                                                                              |                5 |             24 |         4.80 |
|  JC_IBUF__0_BUFG[3]              | dmic_fifo/U0/inst_fifo_gen/gconvfifo.rf/grf.rf/gntv_or_sync_fifo.gl0.wr/gwas.wsts/E[0]                                | btnC_IBUF                                                                                                              |                5 |             24 |         4.80 |
|  clock_wiz_0/inst/clk_out2       |                                                                                                                       | btnC_IBUF                                                                                                              |               16 |             28 |         1.75 |
|  JC_IBUF__0_BUFG[3]              |                                                                                                                       |                                                                                                                        |               16 |             64 |         4.00 |
|  clock_wiz_0/inst/clk_out2       |                                                                                                                       |                                                                                                                        |               25 |             79 |         3.16 |
+----------------------------------+-----------------------------------------------------------------------------------------------------------------------+------------------------------------------------------------------------------------------------------------------------+------------------+----------------+--------------+


