
*** Running vivado
    with args -log simple_io.vds -m64 -product Vivado -mode batch -messageDb vivado.pb -notrace -source simple_io.tcl



****** Vivado v2024.1 (64-bit)
  **** SW Build 5076996 on Wed May 22 18:37:14 MDT 2024
  **** IP Build 5075265 on Wed May 22 21:45:21 MDT 2024
  **** SharedData Build 5076995 on Wed May 22 18:29:18 MDT 2024
  **** Start of session at: Mon Mar  3 03:43:40 2025
    ** Copyright 1986-2022 Xilinx, Inc. All Rights Reserved.
    ** Copyright 2022-2024 Advanced Micro Devices, Inc. All Rights Reserved.

source simple_io.tcl -notrace
INFO: [IP_Flow 19-234] Refreshing IP repositories
INFO: [IP_Flow 19-1700] Loaded user IP repository 'c:/Users/arg/Documents/GitHub/FPGA/First_Project'.
WARNING: [IP_Flow 19-3656] If you move the project, the path for repository 'c:/Users/arg/Documents/GitHub/FPGA/First_Project' may become invalid. A better location for the repository would be in a path adjacent to the project. (Current project location is 'c:/Users/arg/Documents/GitHub/FPGA/First_Project/First_Project.runs/synth_1'.)
INFO: [IP_Flow 19-2313] Loaded Vivado IP repository 'C:/Xilinx/Vivado/2024.1/data/ip'.
Command: synth_design -top simple_io -part xc7a35tcpg236-1 -incremental_mode off
Starting synth_design
Attempting to get a license for feature 'Synthesis' and/or device 'xc7a35t'
INFO: [Common 17-349] Got license for feature 'Synthesis' and/or device 'xc7a35t'
INFO: [Device 21-403] Loading part xc7a35tcpg236-1
INFO: [Device 21-9227] Part: xc7a35tcpg236-1 does not have CEAM library.
INFO: [Synth 8-7079] Multithreading enabled for synth_design using a maximum of 2 processes.
INFO: [Synth 8-7078] Launching helper process for spawning children vivado processes
INFO: [Synth 8-7075] Helper process launched with PID 79720
---------------------------------------------------------------------------------
Starting RTL Elaboration : Time (s): cpu = 00:00:03 ; elapsed = 00:00:03 . Memory (MB): peak = 1458.484 ; gain = 447.531
---------------------------------------------------------------------------------
WARNING: [Synth 8-11065] parameter 's_IDLE' becomes localparam in 'uart_tx_r2' with formal parameter declaration list [C:/Users/arg/Documents/GitHub/FPGA/First_Project/First_Project.srcs/sources_1/new/uart_tx_r2.v:47]
WARNING: [Synth 8-11065] parameter 's_TX_START_BIT' becomes localparam in 'uart_tx_r2' with formal parameter declaration list [C:/Users/arg/Documents/GitHub/FPGA/First_Project/First_Project.srcs/sources_1/new/uart_tx_r2.v:48]
WARNING: [Synth 8-11065] parameter 's_TX_DATA_BITS' becomes localparam in 'uart_tx_r2' with formal parameter declaration list [C:/Users/arg/Documents/GitHub/FPGA/First_Project/First_Project.srcs/sources_1/new/uart_tx_r2.v:49]
WARNING: [Synth 8-11065] parameter 's_TX_STOP_BIT' becomes localparam in 'uart_tx_r2' with formal parameter declaration list [C:/Users/arg/Documents/GitHub/FPGA/First_Project/First_Project.srcs/sources_1/new/uart_tx_r2.v:50]
WARNING: [Synth 8-11065] parameter 's_CLEANUP' becomes localparam in 'uart_tx_r2' with formal parameter declaration list [C:/Users/arg/Documents/GitHub/FPGA/First_Project/First_Project.srcs/sources_1/new/uart_tx_r2.v:51]
INFO: [Synth 8-6157] synthesizing module 'simple_io' [C:/Users/arg/Documents/GitHub/FPGA/First_Project/First_Project.srcs/sources_1/new/simple_io.v:23]
INFO: [Synth 8-6157] synthesizing module 'clk_wiz_0' [C:/Users/arg/Documents/GitHub/FPGA/First_Project/First_Project.runs/synth_1/.Xil/Vivado-34908-DEKTOP-MOV670/realtime/clk_wiz_0_stub.v:6]
INFO: [Synth 8-6155] done synthesizing module 'clk_wiz_0' (0#1) [C:/Users/arg/Documents/GitHub/FPGA/First_Project/First_Project.runs/synth_1/.Xil/Vivado-34908-DEKTOP-MOV670/realtime/clk_wiz_0_stub.v:6]
INFO: [Synth 8-6157] synthesizing module 'dmic_clockgen' [C:/Users/arg/Documents/GitHub/FPGA/First_Project/First_Project.srcs/sources_1/new/dmic_clockgen.v:23]
INFO: [Synth 8-6155] done synthesizing module 'dmic_clockgen' (0#1) [C:/Users/arg/Documents/GitHub/FPGA/First_Project/First_Project.srcs/sources_1/new/dmic_clockgen.v:23]
INFO: [Synth 8-6157] synthesizing module 'multi_ddr_to_sdr' [C:/Users/arg/Documents/GitHub/FPGA/First_Project/First_Project.srcs/sources_1/new/multi_ddr_to_sdr.v:24]
INFO: [Synth 8-6157] synthesizing module 'ddr_to_sdr' [C:/Users/arg/Documents/GitHub/FPGA/First_Project/First_Project.srcs/sources_1/new/ddr_to_sdr.v:23]
INFO: [Synth 8-6155] done synthesizing module 'ddr_to_sdr' (0#1) [C:/Users/arg/Documents/GitHub/FPGA/First_Project/First_Project.srcs/sources_1/new/ddr_to_sdr.v:23]
INFO: [Synth 8-6155] done synthesizing module 'multi_ddr_to_sdr' (0#1) [C:/Users/arg/Documents/GitHub/FPGA/First_Project/First_Project.srcs/sources_1/new/multi_ddr_to_sdr.v:24]
INFO: [Synth 8-6157] synthesizing module 'fifo_generator_0' [C:/Users/arg/Documents/GitHub/FPGA/First_Project/First_Project.runs/synth_1/.Xil/Vivado-34908-DEKTOP-MOV670/realtime/fifo_generator_0_stub.v:6]
INFO: [Synth 8-6155] done synthesizing module 'fifo_generator_0' (0#1) [C:/Users/arg/Documents/GitHub/FPGA/First_Project/First_Project.runs/synth_1/.Xil/Vivado-34908-DEKTOP-MOV670/realtime/fifo_generator_0_stub.v:6]
INFO: [Synth 8-6157] synthesizing module 'core' [C:/Users/arg/Documents/GitHub/FPGA/First_Project/First_Project.srcs/sources_1/new/core.v:23]
INFO: [Synth 8-6157] synthesizing module 'cycle_starter' [C:/Users/arg/Documents/GitHub/FPGA/First_Project/First_Project.srcs/sources_1/new/cycle_starter.v:23]
INFO: [Synth 8-6155] done synthesizing module 'cycle_starter' (0#1) [C:/Users/arg/Documents/GitHub/FPGA/First_Project/First_Project.srcs/sources_1/new/cycle_starter.v:23]
INFO: [Synth 8-6157] synthesizing module 'ram' [C:/Users/arg/Documents/GitHub/FPGA/First_Project/First_Project.srcs/sources_1/new/ram.v:23]
INFO: [Synth 8-6157] synthesizing module 'blk_mem_gen_0' [C:/Users/arg/Documents/GitHub/FPGA/First_Project/First_Project.runs/synth_1/.Xil/Vivado-34908-DEKTOP-MOV670/realtime/blk_mem_gen_0_stub.v:6]
INFO: [Synth 8-6155] done synthesizing module 'blk_mem_gen_0' (0#1) [C:/Users/arg/Documents/GitHub/FPGA/First_Project/First_Project.runs/synth_1/.Xil/Vivado-34908-DEKTOP-MOV670/realtime/blk_mem_gen_0_stub.v:6]
INFO: [Synth 8-6155] done synthesizing module 'ram' (0#1) [C:/Users/arg/Documents/GitHub/FPGA/First_Project/First_Project.srcs/sources_1/new/ram.v:23]
INFO: [Synth 8-6157] synthesizing module 'adder5bit16way' [C:/Users/arg/Documents/GitHub/FPGA/First_Project/First_Project.srcs/sources_1/new/adder5bit16way.v:23]
INFO: [Synth 8-6155] done synthesizing module 'adder5bit16way' (0#1) [C:/Users/arg/Documents/GitHub/FPGA/First_Project/First_Project.srcs/sources_1/new/adder5bit16way.v:23]
INFO: [Synth 8-6157] synthesizing module 'cic_controller' [C:/Users/arg/Documents/GitHub/FPGA/First_Project/First_Project.srcs/sources_1/new/cic_controller.v:23]
INFO: [Synth 8-6157] synthesizing module 'blk_mem_gen_18' [C:/Users/arg/Documents/GitHub/FPGA/First_Project/First_Project.runs/synth_1/.Xil/Vivado-34908-DEKTOP-MOV670/realtime/blk_mem_gen_18_stub.v:6]
INFO: [Synth 8-6155] done synthesizing module 'blk_mem_gen_18' (0#1) [C:/Users/arg/Documents/GitHub/FPGA/First_Project/First_Project.runs/synth_1/.Xil/Vivado-34908-DEKTOP-MOV670/realtime/blk_mem_gen_18_stub.v:6]
INFO: [Synth 8-155] case statement is not full and has no default [C:/Users/arg/Documents/GitHub/FPGA/First_Project/First_Project.srcs/sources_1/new/cic_controller.v:93]
INFO: [Synth 8-6155] done synthesizing module 'cic_controller' (0#1) [C:/Users/arg/Documents/GitHub/FPGA/First_Project/First_Project.srcs/sources_1/new/cic_controller.v:23]
INFO: [Synth 8-6157] synthesizing module 'alt_cic_filter' [C:/Users/arg/Documents/GitHub/FPGA/First_Project/First_Project.srcs/sources_1/new/alt_cic_filter.v:23]
INFO: [Synth 8-6155] done synthesizing module 'alt_cic_filter' (0#1) [C:/Users/arg/Documents/GitHub/FPGA/First_Project/First_Project.srcs/sources_1/new/alt_cic_filter.v:23]
INFO: [Synth 8-6155] done synthesizing module 'core' (0#1) [C:/Users/arg/Documents/GitHub/FPGA/First_Project/First_Project.srcs/sources_1/new/core.v:23]
WARNING: [Synth 8-7071] port 'sw' of module 'core' is unconnected for instance 'core_0' [C:/Users/arg/Documents/GitHub/FPGA/First_Project/First_Project.srcs/sources_1/new/simple_io.v:282]
WARNING: [Synth 8-7023] instance 'core_0' of module 'core' has 12 connections declared, but only 11 given [C:/Users/arg/Documents/GitHub/FPGA/First_Project/First_Project.srcs/sources_1/new/simple_io.v:282]
INFO: [Synth 8-6157] synthesizing module 'output_controller' [C:/Users/arg/Documents/GitHub/FPGA/First_Project/First_Project.srcs/sources_1/new/output_controller.v:23]
INFO: [Synth 8-155] case statement is not full and has no default [C:/Users/arg/Documents/GitHub/FPGA/First_Project/First_Project.srcs/sources_1/new/output_controller.v:48]
INFO: [Synth 8-6155] done synthesizing module 'output_controller' (0#1) [C:/Users/arg/Documents/GitHub/FPGA/First_Project/First_Project.srcs/sources_1/new/output_controller.v:23]
INFO: [Synth 8-6157] synthesizing module 'output_terminal' [C:/Users/arg/Documents/GitHub/FPGA/First_Project/First_Project.srcs/sources_1/new/output_terminal.v:23]
INFO: [Synth 8-6157] synthesizing module 'fifo_generator_2' [C:/Users/arg/Documents/GitHub/FPGA/First_Project/First_Project.runs/synth_1/.Xil/Vivado-34908-DEKTOP-MOV670/realtime/fifo_generator_2_stub.v:6]
INFO: [Synth 8-6155] done synthesizing module 'fifo_generator_2' (0#1) [C:/Users/arg/Documents/GitHub/FPGA/First_Project/First_Project.runs/synth_1/.Xil/Vivado-34908-DEKTOP-MOV670/realtime/fifo_generator_2_stub.v:6]
INFO: [Synth 8-6157] synthesizing module 'uart_tx_r2' [C:/Users/arg/Documents/GitHub/FPGA/First_Project/First_Project.srcs/sources_1/new/uart_tx_r2.v:36]
	Parameter CLKS_PER_BIT bound to: 133 - type: integer 
INFO: [Synth 8-6155] done synthesizing module 'uart_tx_r2' (0#1) [C:/Users/arg/Documents/GitHub/FPGA/First_Project/First_Project.srcs/sources_1/new/uart_tx_r2.v:36]
INFO: [Synth 8-6155] done synthesizing module 'output_terminal' (0#1) [C:/Users/arg/Documents/GitHub/FPGA/First_Project/First_Project.srcs/sources_1/new/output_terminal.v:23]
INFO: [Synth 8-6155] done synthesizing module 'simple_io' (0#1) [C:/Users/arg/Documents/GitHub/FPGA/First_Project/First_Project.srcs/sources_1/new/simple_io.v:23]
WARNING: [Synth 8-7137] Register reg_addr_ctr_reg in module cic_controller has both Set and reset with same priority. This may cause simulation mismatches. Consider rewriting code  [C:/Users/arg/Documents/GitHub/FPGA/First_Project/First_Project.srcs/sources_1/new/cic_controller.v:103]
WARNING: [Synth 8-7137] Register mem_wr_en_reg in module cic_controller has both Set and reset with same priority. This may cause simulation mismatches. Consider rewriting code  [C:/Users/arg/Documents/GitHub/FPGA/First_Project/First_Project.srcs/sources_1/new/cic_controller.v:55]
WARNING: [Synth 8-3848] Net e_data in module/entity core does not have driver. [C:/Users/arg/Documents/GitHub/FPGA/First_Project/First_Project.srcs/sources_1/new/core.v:29]
WARNING: [Synth 8-3848] Net store_e_data in module/entity core does not have driver. [C:/Users/arg/Documents/GitHub/FPGA/First_Project/First_Project.srcs/sources_1/new/core.v:30]
WARNING: [Synth 8-7137] Register out_wr_en_reg in module output_controller has both Set and reset with same priority. This may cause simulation mismatches. Consider rewriting code  [C:/Users/arg/Documents/GitHub/FPGA/First_Project/First_Project.srcs/sources_1/new/output_controller.v:50]
WARNING: [Synth 8-6014] Unused sequential element dmic_data_ctr_reg was removed.  [C:/Users/arg/Documents/GitHub/FPGA/First_Project/First_Project.srcs/sources_1/new/simple_io.v:107]
WARNING: [Synth 8-6014] Unused sequential element mc_d_reg was removed.  [C:/Users/arg/Documents/GitHub/FPGA/First_Project/First_Project.srcs/sources_1/new/simple_io.v:111]
WARNING: [Synth 8-6014] Unused sequential element pdm_byte_reg was removed.  [C:/Users/arg/Documents/GitHub/FPGA/First_Project/First_Project.srcs/sources_1/new/simple_io.v:252]
WARNING: [Synth 8-6014] Unused sequential element write_pdm_byte_reg was removed.  [C:/Users/arg/Documents/GitHub/FPGA/First_Project/First_Project.srcs/sources_1/new/simple_io.v:253]
WARNING: [Synth 8-6014] Unused sequential element bit_counter_reg was removed.  [C:/Users/arg/Documents/GitHub/FPGA/First_Project/First_Project.srcs/sources_1/new/simple_io.v:254]
WARNING: [Synth 8-6014] Unused sequential element c2_reg was removed.  [C:/Users/arg/Documents/GitHub/FPGA/First_Project/First_Project.srcs/sources_1/new/simple_io.v:320]
WARNING: [Synth 8-6014] Unused sequential element s02_reg was removed.  [C:/Users/arg/Documents/GitHub/FPGA/First_Project/First_Project.srcs/sources_1/new/simple_io.v:321]
WARNING: [Synth 8-6014] Unused sequential element s12_reg was removed.  [C:/Users/arg/Documents/GitHub/FPGA/First_Project/First_Project.srcs/sources_1/new/simple_io.v:322]
WARNING: [Synth 8-3917] design simple_io has port LED[7] driven by constant 1
WARNING: [Synth 8-7129] Port fifo_full in module output_controller is either unconnected or has no load
WARNING: [Synth 8-7129] Port in[15] in module adder5bit16way is either unconnected or has no load
WARNING: [Synth 8-7129] Port in[13] in module adder5bit16way is either unconnected or has no load
WARNING: [Synth 8-7129] Port in[11] in module adder5bit16way is either unconnected or has no load
WARNING: [Synth 8-7129] Port in[9] in module adder5bit16way is either unconnected or has no load
WARNING: [Synth 8-7129] Port in[7] in module adder5bit16way is either unconnected or has no load
WARNING: [Synth 8-7129] Port in[5] in module adder5bit16way is either unconnected or has no load
WARNING: [Synth 8-7129] Port in[3] in module adder5bit16way is either unconnected or has no load
WARNING: [Synth 8-7129] Port in[1] in module adder5bit16way is either unconnected or has no load
WARNING: [Synth 8-7129] Port sw[15] in module adder5bit16way is either unconnected or has no load
WARNING: [Synth 8-7129] Port sw[14] in module adder5bit16way is either unconnected or has no load
WARNING: [Synth 8-7129] Port sw[13] in module adder5bit16way is either unconnected or has no load
WARNING: [Synth 8-7129] Port sw[12] in module adder5bit16way is either unconnected or has no load
WARNING: [Synth 8-7129] Port sw[11] in module adder5bit16way is either unconnected or has no load
WARNING: [Synth 8-7129] Port sw[10] in module adder5bit16way is either unconnected or has no load
WARNING: [Synth 8-7129] Port sw[9] in module adder5bit16way is either unconnected or has no load
WARNING: [Synth 8-7129] Port sw[8] in module adder5bit16way is either unconnected or has no load
WARNING: [Synth 8-7129] Port sw[7] in module adder5bit16way is either unconnected or has no load
WARNING: [Synth 8-7129] Port sw[6] in module adder5bit16way is either unconnected or has no load
WARNING: [Synth 8-7129] Port sw[5] in module adder5bit16way is either unconnected or has no load
WARNING: [Synth 8-7129] Port sw[4] in module adder5bit16way is either unconnected or has no load
WARNING: [Synth 8-7129] Port sw[3] in module adder5bit16way is either unconnected or has no load
WARNING: [Synth 8-7129] Port sw[2] in module adder5bit16way is either unconnected or has no load
WARNING: [Synth 8-7129] Port sw[1] in module adder5bit16way is either unconnected or has no load
WARNING: [Synth 8-7129] Port sw[0] in module adder5bit16way is either unconnected or has no load
WARNING: [Synth 8-7129] Port e_data[31] in module core is either unconnected or has no load
WARNING: [Synth 8-7129] Port e_data[30] in module core is either unconnected or has no load
WARNING: [Synth 8-7129] Port e_data[29] in module core is either unconnected or has no load
WARNING: [Synth 8-7129] Port e_data[28] in module core is either unconnected or has no load
WARNING: [Synth 8-7129] Port e_data[27] in module core is either unconnected or has no load
WARNING: [Synth 8-7129] Port e_data[26] in module core is either unconnected or has no load
WARNING: [Synth 8-7129] Port e_data[25] in module core is either unconnected or has no load
WARNING: [Synth 8-7129] Port e_data[24] in module core is either unconnected or has no load
WARNING: [Synth 8-7129] Port e_data[23] in module core is either unconnected or has no load
WARNING: [Synth 8-7129] Port e_data[22] in module core is either unconnected or has no load
WARNING: [Synth 8-7129] Port e_data[21] in module core is either unconnected or has no load
WARNING: [Synth 8-7129] Port e_data[20] in module core is either unconnected or has no load
WARNING: [Synth 8-7129] Port e_data[19] in module core is either unconnected or has no load
WARNING: [Synth 8-7129] Port e_data[18] in module core is either unconnected or has no load
WARNING: [Synth 8-7129] Port e_data[17] in module core is either unconnected or has no load
WARNING: [Synth 8-7129] Port e_data[16] in module core is either unconnected or has no load
WARNING: [Synth 8-7129] Port e_data[15] in module core is either unconnected or has no load
WARNING: [Synth 8-7129] Port e_data[14] in module core is either unconnected or has no load
WARNING: [Synth 8-7129] Port e_data[13] in module core is either unconnected or has no load
WARNING: [Synth 8-7129] Port e_data[12] in module core is either unconnected or has no load
WARNING: [Synth 8-7129] Port e_data[11] in module core is either unconnected or has no load
WARNING: [Synth 8-7129] Port e_data[10] in module core is either unconnected or has no load
WARNING: [Synth 8-7129] Port e_data[9] in module core is either unconnected or has no load
WARNING: [Synth 8-7129] Port e_data[8] in module core is either unconnected or has no load
WARNING: [Synth 8-7129] Port e_data[7] in module core is either unconnected or has no load
WARNING: [Synth 8-7129] Port e_data[6] in module core is either unconnected or has no load
WARNING: [Synth 8-7129] Port e_data[5] in module core is either unconnected or has no load
WARNING: [Synth 8-7129] Port e_data[4] in module core is either unconnected or has no load
WARNING: [Synth 8-7129] Port e_data[3] in module core is either unconnected or has no load
WARNING: [Synth 8-7129] Port e_data[2] in module core is either unconnected or has no load
WARNING: [Synth 8-7129] Port e_data[1] in module core is either unconnected or has no load
WARNING: [Synth 8-7129] Port e_data[0] in module core is either unconnected or has no load
WARNING: [Synth 8-7129] Port store_e_data in module core is either unconnected or has no load
WARNING: [Synth 8-7129] Port core_num in module core is either unconnected or has no load
WARNING: [Synth 8-7129] Port LED[15] in module simple_io is either unconnected or has no load
WARNING: [Synth 8-7129] Port LED[14] in module simple_io is either unconnected or has no load
WARNING: [Synth 8-7129] Port LED[13] in module simple_io is either unconnected or has no load
WARNING: [Synth 8-7129] Port LED[12] in module simple_io is either unconnected or has no load
WARNING: [Synth 8-7129] Port LED[11] in module simple_io is either unconnected or has no load
WARNING: [Synth 8-7129] Port LED[10] in module simple_io is either unconnected or has no load
WARNING: [Synth 8-7129] Port LED[9] in module simple_io is either unconnected or has no load
WARNING: [Synth 8-7129] Port LED[8] in module simple_io is either unconnected or has no load
WARNING: [Synth 8-7129] Port LED[6] in module simple_io is either unconnected or has no load
WARNING: [Synth 8-7129] Port LED[5] in module simple_io is either unconnected or has no load
WARNING: [Synth 8-7129] Port LED[4] in module simple_io is either unconnected or has no load
WARNING: [Synth 8-7129] Port LED[3] in module simple_io is either unconnected or has no load
WARNING: [Synth 8-7129] Port LED[2] in module simple_io is either unconnected or has no load
WARNING: [Synth 8-7129] Port LED[1] in module simple_io is either unconnected or has no load
WARNING: [Synth 8-7129] Port JA[7] in module simple_io is either unconnected or has no load
WARNING: [Synth 8-7129] Port JA[6] in module simple_io is either unconnected or has no load
WARNING: [Synth 8-7129] Port JA[2] in module simple_io is either unconnected or has no load
WARNING: [Synth 8-7129] Port JC[7] in module simple_io is either unconnected or has no load
WARNING: [Synth 8-7129] Port JC[6] in module simple_io is either unconnected or has no load
WARNING: [Synth 8-7129] Port JC[2] in module simple_io is either unconnected or has no load
WARNING: [Synth 8-7129] Port sw[15] in module simple_io is either unconnected or has no load
WARNING: [Synth 8-7129] Port sw[14] in module simple_io is either unconnected or has no load
WARNING: [Synth 8-7129] Port sw[13] in module simple_io is either unconnected or has no load
WARNING: [Synth 8-7129] Port sw[12] in module simple_io is either unconnected or has no load
WARNING: [Synth 8-7129] Port sw[11] in module simple_io is either unconnected or has no load
WARNING: [Synth 8-7129] Port sw[10] in module simple_io is either unconnected or has no load
WARNING: [Synth 8-7129] Port sw[9] in module simple_io is either unconnected or has no load
WARNING: [Synth 8-7129] Port sw[8] in module simple_io is either unconnected or has no load
WARNING: [Synth 8-7129] Port sw[7] in module simple_io is either unconnected or has no load
WARNING: [Synth 8-7129] Port sw[6] in module simple_io is either unconnected or has no load
WARNING: [Synth 8-7129] Port sw[5] in module simple_io is either unconnected or has no load
WARNING: [Synth 8-7129] Port sw[4] in module simple_io is either unconnected or has no load
WARNING: [Synth 8-7129] Port sw[3] in module simple_io is either unconnected or has no load
WARNING: [Synth 8-7129] Port sw[2] in module simple_io is either unconnected or has no load
WARNING: [Synth 8-7129] Port sw[1] in module simple_io is either unconnected or has no load
WARNING: [Synth 8-7129] Port sw[0] in module simple_io is either unconnected or has no load
---------------------------------------------------------------------------------
Finished RTL Elaboration : Time (s): cpu = 00:00:04 ; elapsed = 00:00:04 . Memory (MB): peak = 1577.270 ; gain = 566.316
---------------------------------------------------------------------------------
---------------------------------------------------------------------------------
Start Handling Custom Attributes
---------------------------------------------------------------------------------
---------------------------------------------------------------------------------
Finished Handling Custom Attributes : Time (s): cpu = 00:00:04 ; elapsed = 00:00:04 . Memory (MB): peak = 1577.270 ; gain = 566.316
---------------------------------------------------------------------------------
---------------------------------------------------------------------------------
Finished RTL Optimization Phase 1 : Time (s): cpu = 00:00:04 ; elapsed = 00:00:04 . Memory (MB): peak = 1577.270 ; gain = 566.316
---------------------------------------------------------------------------------
Netlist sorting complete. Time (s): cpu = 00:00:00 ; elapsed = 00:00:00.012 . Memory (MB): peak = 1577.270 ; gain = 0.000
WARNING: [Netlist 29-1115] Found multi-term driver net: JC[3].
INFO: [Project 1-570] Preparing netlist for logic optimization

Processing XDC Constraints
Initializing timing engine
Parsing XDC File [c:/Users/arg/Documents/GitHub/FPGA/First_Project/First_Project.gen/sources_1/ip/clk_wiz_0/clk_wiz_0/clk_wiz_0_in_context.xdc] for cell 'clock_wiz_0'
Finished Parsing XDC File [c:/Users/arg/Documents/GitHub/FPGA/First_Project/First_Project.gen/sources_1/ip/clk_wiz_0/clk_wiz_0/clk_wiz_0_in_context.xdc] for cell 'clock_wiz_0'
Parsing XDC File [c:/Users/arg/Documents/GitHub/FPGA/First_Project/First_Project.gen/sources_1/ip/fifo_generator_0/fifo_generator_0/fifo_generator_0_in_context.xdc] for cell 'dmic_fifo'
Finished Parsing XDC File [c:/Users/arg/Documents/GitHub/FPGA/First_Project/First_Project.gen/sources_1/ip/fifo_generator_0/fifo_generator_0/fifo_generator_0_in_context.xdc] for cell 'dmic_fifo'
Parsing XDC File [c:/Users/arg/Documents/GitHub/FPGA/First_Project/First_Project.gen/sources_1/ip/fifo_generator_0/fifo_generator_0/fifo_generator_0_in_context.xdc] for cell 'output_fifo'
Finished Parsing XDC File [c:/Users/arg/Documents/GitHub/FPGA/First_Project/First_Project.gen/sources_1/ip/fifo_generator_0/fifo_generator_0/fifo_generator_0_in_context.xdc] for cell 'output_fifo'
Parsing XDC File [c:/Users/arg/Documents/GitHub/FPGA/First_Project/First_Project.gen/sources_1/ip/blk_mem_gen_0/blk_mem_gen_0/blk_mem_gen_0_in_context.xdc] for cell 'core_0/ram_new/bram0'
Finished Parsing XDC File [c:/Users/arg/Documents/GitHub/FPGA/First_Project/First_Project.gen/sources_1/ip/blk_mem_gen_0/blk_mem_gen_0/blk_mem_gen_0_in_context.xdc] for cell 'core_0/ram_new/bram0'
Parsing XDC File [c:/Users/arg/Documents/GitHub/FPGA/First_Project/First_Project.gen/sources_1/ip/blk_mem_gen_0/blk_mem_gen_0/blk_mem_gen_0_in_context.xdc] for cell 'core_0/ram_new/bram1'
Finished Parsing XDC File [c:/Users/arg/Documents/GitHub/FPGA/First_Project/First_Project.gen/sources_1/ip/blk_mem_gen_0/blk_mem_gen_0/blk_mem_gen_0_in_context.xdc] for cell 'core_0/ram_new/bram1'
Parsing XDC File [c:/Users/arg/Documents/GitHub/FPGA/First_Project/First_Project.gen/sources_1/ip/blk_mem_gen_0/blk_mem_gen_0/blk_mem_gen_0_in_context.xdc] for cell 'core_0/ram_new/bram2'
Finished Parsing XDC File [c:/Users/arg/Documents/GitHub/FPGA/First_Project/First_Project.gen/sources_1/ip/blk_mem_gen_0/blk_mem_gen_0/blk_mem_gen_0_in_context.xdc] for cell 'core_0/ram_new/bram2'
Parsing XDC File [c:/Users/arg/Documents/GitHub/FPGA/First_Project/First_Project.gen/sources_1/ip/blk_mem_gen_0/blk_mem_gen_0/blk_mem_gen_0_in_context.xdc] for cell 'core_0/ram_new/bram3'
Finished Parsing XDC File [c:/Users/arg/Documents/GitHub/FPGA/First_Project/First_Project.gen/sources_1/ip/blk_mem_gen_0/blk_mem_gen_0/blk_mem_gen_0_in_context.xdc] for cell 'core_0/ram_new/bram3'
Parsing XDC File [c:/Users/arg/Documents/GitHub/FPGA/First_Project/First_Project.gen/sources_1/ip/blk_mem_gen_0/blk_mem_gen_0/blk_mem_gen_0_in_context.xdc] for cell 'core_0/ram_new/bram4'
Finished Parsing XDC File [c:/Users/arg/Documents/GitHub/FPGA/First_Project/First_Project.gen/sources_1/ip/blk_mem_gen_0/blk_mem_gen_0/blk_mem_gen_0_in_context.xdc] for cell 'core_0/ram_new/bram4'
Parsing XDC File [c:/Users/arg/Documents/GitHub/FPGA/First_Project/First_Project.gen/sources_1/ip/blk_mem_gen_0/blk_mem_gen_0/blk_mem_gen_0_in_context.xdc] for cell 'core_0/ram_new/bram5'
Finished Parsing XDC File [c:/Users/arg/Documents/GitHub/FPGA/First_Project/First_Project.gen/sources_1/ip/blk_mem_gen_0/blk_mem_gen_0/blk_mem_gen_0_in_context.xdc] for cell 'core_0/ram_new/bram5'
Parsing XDC File [c:/Users/arg/Documents/GitHub/FPGA/First_Project/First_Project.gen/sources_1/ip/blk_mem_gen_0/blk_mem_gen_0/blk_mem_gen_0_in_context.xdc] for cell 'core_0/ram_new/bram6'
Finished Parsing XDC File [c:/Users/arg/Documents/GitHub/FPGA/First_Project/First_Project.gen/sources_1/ip/blk_mem_gen_0/blk_mem_gen_0/blk_mem_gen_0_in_context.xdc] for cell 'core_0/ram_new/bram6'
Parsing XDC File [c:/Users/arg/Documents/GitHub/FPGA/First_Project/First_Project.gen/sources_1/ip/blk_mem_gen_0/blk_mem_gen_0/blk_mem_gen_0_in_context.xdc] for cell 'core_0/ram_new/bram7'
Finished Parsing XDC File [c:/Users/arg/Documents/GitHub/FPGA/First_Project/First_Project.gen/sources_1/ip/blk_mem_gen_0/blk_mem_gen_0/blk_mem_gen_0_in_context.xdc] for cell 'core_0/ram_new/bram7'
Parsing XDC File [c:/Users/arg/Documents/GitHub/FPGA/First_Project/First_Project.gen/sources_1/ip/blk_mem_gen_0/blk_mem_gen_0/blk_mem_gen_0_in_context.xdc] for cell 'core_0/ram_new/bram8'
Finished Parsing XDC File [c:/Users/arg/Documents/GitHub/FPGA/First_Project/First_Project.gen/sources_1/ip/blk_mem_gen_0/blk_mem_gen_0/blk_mem_gen_0_in_context.xdc] for cell 'core_0/ram_new/bram8'
Parsing XDC File [c:/Users/arg/Documents/GitHub/FPGA/First_Project/First_Project.gen/sources_1/ip/blk_mem_gen_0/blk_mem_gen_0/blk_mem_gen_0_in_context.xdc] for cell 'core_0/ram_new/bram9'
Finished Parsing XDC File [c:/Users/arg/Documents/GitHub/FPGA/First_Project/First_Project.gen/sources_1/ip/blk_mem_gen_0/blk_mem_gen_0/blk_mem_gen_0_in_context.xdc] for cell 'core_0/ram_new/bram9'
Parsing XDC File [c:/Users/arg/Documents/GitHub/FPGA/First_Project/First_Project.gen/sources_1/ip/blk_mem_gen_0/blk_mem_gen_0/blk_mem_gen_0_in_context.xdc] for cell 'core_0/ram_new/bram10'
Finished Parsing XDC File [c:/Users/arg/Documents/GitHub/FPGA/First_Project/First_Project.gen/sources_1/ip/blk_mem_gen_0/blk_mem_gen_0/blk_mem_gen_0_in_context.xdc] for cell 'core_0/ram_new/bram10'
Parsing XDC File [c:/Users/arg/Documents/GitHub/FPGA/First_Project/First_Project.gen/sources_1/ip/blk_mem_gen_0/blk_mem_gen_0/blk_mem_gen_0_in_context.xdc] for cell 'core_0/ram_new/bram11'
Finished Parsing XDC File [c:/Users/arg/Documents/GitHub/FPGA/First_Project/First_Project.gen/sources_1/ip/blk_mem_gen_0/blk_mem_gen_0/blk_mem_gen_0_in_context.xdc] for cell 'core_0/ram_new/bram11'
Parsing XDC File [c:/Users/arg/Documents/GitHub/FPGA/First_Project/First_Project.gen/sources_1/ip/blk_mem_gen_0/blk_mem_gen_0/blk_mem_gen_0_in_context.xdc] for cell 'core_0/ram_new/bram12'
Finished Parsing XDC File [c:/Users/arg/Documents/GitHub/FPGA/First_Project/First_Project.gen/sources_1/ip/blk_mem_gen_0/blk_mem_gen_0/blk_mem_gen_0_in_context.xdc] for cell 'core_0/ram_new/bram12'
Parsing XDC File [c:/Users/arg/Documents/GitHub/FPGA/First_Project/First_Project.gen/sources_1/ip/blk_mem_gen_0/blk_mem_gen_0/blk_mem_gen_0_in_context.xdc] for cell 'core_0/ram_new/bram13'
Finished Parsing XDC File [c:/Users/arg/Documents/GitHub/FPGA/First_Project/First_Project.gen/sources_1/ip/blk_mem_gen_0/blk_mem_gen_0/blk_mem_gen_0_in_context.xdc] for cell 'core_0/ram_new/bram13'
Parsing XDC File [c:/Users/arg/Documents/GitHub/FPGA/First_Project/First_Project.gen/sources_1/ip/blk_mem_gen_0/blk_mem_gen_0/blk_mem_gen_0_in_context.xdc] for cell 'core_0/ram_new/bram14'
Finished Parsing XDC File [c:/Users/arg/Documents/GitHub/FPGA/First_Project/First_Project.gen/sources_1/ip/blk_mem_gen_0/blk_mem_gen_0/blk_mem_gen_0_in_context.xdc] for cell 'core_0/ram_new/bram14'
Parsing XDC File [c:/Users/arg/Documents/GitHub/FPGA/First_Project/First_Project.gen/sources_1/ip/blk_mem_gen_0/blk_mem_gen_0/blk_mem_gen_0_in_context.xdc] for cell 'core_0/ram_new/bram15'
Finished Parsing XDC File [c:/Users/arg/Documents/GitHub/FPGA/First_Project/First_Project.gen/sources_1/ip/blk_mem_gen_0/blk_mem_gen_0/blk_mem_gen_0_in_context.xdc] for cell 'core_0/ram_new/bram15'
Parsing XDC File [c:/Users/arg/Documents/GitHub/FPGA/First_Project/First_Project.gen/sources_1/ip/fifo_generator_2/fifo_generator_2/fifo_generator_2_in_context.xdc] for cell 'output_terminal_inst/uart_fifo_inst'
Finished Parsing XDC File [c:/Users/arg/Documents/GitHub/FPGA/First_Project/First_Project.gen/sources_1/ip/fifo_generator_2/fifo_generator_2/fifo_generator_2_in_context.xdc] for cell 'output_terminal_inst/uart_fifo_inst'
Parsing XDC File [c:/Users/arg/Documents/GitHub/FPGA/First_Project/First_Project.gen/sources_1/ip/blk_mem_gen_18/blk_mem_gen_18/blk_mem_gen_18_in_context.xdc] for cell 'core_0/cic_controller_inst/state_bram_inst'
Finished Parsing XDC File [c:/Users/arg/Documents/GitHub/FPGA/First_Project/First_Project.gen/sources_1/ip/blk_mem_gen_18/blk_mem_gen_18/blk_mem_gen_18_in_context.xdc] for cell 'core_0/cic_controller_inst/state_bram_inst'
Parsing XDC File [C:/Users/arg/Documents/GitHub/FPGA/First_Project/First_Project.srcs/constrs_1/imports/Downloads/Basys3_Master.xdc]
WARNING: [Vivado 12-584] No ports matched 'RsRx'. [C:/Users/arg/Documents/GitHub/FPGA/First_Project/First_Project.srcs/constrs_1/imports/Downloads/Basys3_Master.xdc:273]
WARNING: [Vivado 12-584] No ports matched 'RsRx'. [C:/Users/arg/Documents/GitHub/FPGA/First_Project/First_Project.srcs/constrs_1/imports/Downloads/Basys3_Master.xdc:274]
Finished Parsing XDC File [C:/Users/arg/Documents/GitHub/FPGA/First_Project/First_Project.srcs/constrs_1/imports/Downloads/Basys3_Master.xdc]
WARNING: [Project 1-498] One or more constraints failed evaluation while reading constraint file [C:/Users/arg/Documents/GitHub/FPGA/First_Project/First_Project.srcs/constrs_1/imports/Downloads/Basys3_Master.xdc] and the design contains unresolved black boxes. These constraints will be read post-synthesis (as long as their source constraint file is marked as used_in_implementation) and should be applied correctly then. You should review the constraints listed in the file [.Xil/simple_io_propImpl.xdc] and check the run log file to verify that these constraints were correctly applied.
INFO: [Project 1-236] Implementation specific constraints were found while reading constraint file [C:/Users/arg/Documents/GitHub/FPGA/First_Project/First_Project.srcs/constrs_1/imports/Downloads/Basys3_Master.xdc]. These constraints will be ignored for synthesis but will be used in implementation. Impacted constraints are listed in the file [.Xil/simple_io_propImpl.xdc].
Resolution: To avoid this warning, move constraints listed in [.Xil/simple_io_propImpl.xdc] to another XDC file and exclude this new file from synthesis with the used_in_synthesis property (File Properties dialog in GUI) and re-run elaboration/synthesis.
Completed Processing XDC Constraints

Netlist sorting complete. Time (s): cpu = 00:00:00 ; elapsed = 00:00:00 . Memory (MB): peak = 1650.992 ; gain = 0.000
INFO: [Project 1-111] Unisim Transformation Summary:
No Unisim elements were transformed.

Constraint Validation Runtime : Time (s): cpu = 00:00:00 ; elapsed = 00:00:00.004 . Memory (MB): peak = 1650.992 ; gain = 0.000
WARNING: [Timing 38-316] Clock period '10.000' specified during out-of-context synthesis of instance 'dmic_fifo' at clock pin 'rd_clk' is different from the actual clock period '2.500', this can lead to different synthesis results.
WARNING: [Timing 38-316] Clock period '10.000' specified during out-of-context synthesis of instance 'output_fifo' at clock pin 'wr_clk' is different from the actual clock period '2.500', this can lead to different synthesis results.
WARNING: [Timing 38-316] Clock period '20.000' specified during out-of-context synthesis of instance 'core_0/cic_controller_inst/state_bram_inst' at clock pin 'clka' is different from the actual clock period '2.500', this can lead to different synthesis results.
WARNING: [Timing 38-316] Clock period '20.000' specified during out-of-context synthesis of instance 'core_0/ram_new/bram0' at clock pin 'clka' is different from the actual clock period '2.500', this can lead to different synthesis results.
WARNING: [Timing 38-316] Clock period '20.000' specified during out-of-context synthesis of instance 'core_0/ram_new/bram1' at clock pin 'clka' is different from the actual clock period '2.500', this can lead to different synthesis results.
WARNING: [Timing 38-316] Clock period '20.000' specified during out-of-context synthesis of instance 'core_0/ram_new/bram10' at clock pin 'clka' is different from the actual clock period '2.500', this can lead to different synthesis results.
WARNING: [Timing 38-316] Clock period '20.000' specified during out-of-context synthesis of instance 'core_0/ram_new/bram11' at clock pin 'clka' is different from the actual clock period '2.500', this can lead to different synthesis results.
WARNING: [Timing 38-316] Clock period '20.000' specified during out-of-context synthesis of instance 'core_0/ram_new/bram12' at clock pin 'clka' is different from the actual clock period '2.500', this can lead to different synthesis results.
WARNING: [Timing 38-316] Clock period '20.000' specified during out-of-context synthesis of instance 'core_0/ram_new/bram13' at clock pin 'clka' is different from the actual clock period '2.500', this can lead to different synthesis results.
WARNING: [Timing 38-316] Clock period '20.000' specified during out-of-context synthesis of instance 'core_0/ram_new/bram14' at clock pin 'clka' is different from the actual clock period '2.500', this can lead to different synthesis results.
WARNING: [Timing 38-316] Clock period '20.000' specified during out-of-context synthesis of instance 'core_0/ram_new/bram15' at clock pin 'clka' is different from the actual clock period '2.500', this can lead to different synthesis results.
WARNING: [Timing 38-316] Clock period '20.000' specified during out-of-context synthesis of instance 'core_0/ram_new/bram2' at clock pin 'clka' is different from the actual clock period '2.500', this can lead to different synthesis results.
WARNING: [Timing 38-316] Clock period '20.000' specified during out-of-context synthesis of instance 'core_0/ram_new/bram3' at clock pin 'clka' is different from the actual clock period '2.500', this can lead to different synthesis results.
WARNING: [Timing 38-316] Clock period '20.000' specified during out-of-context synthesis of instance 'core_0/ram_new/bram4' at clock pin 'clka' is different from the actual clock period '2.500', this can lead to different synthesis results.
WARNING: [Timing 38-316] Clock period '20.000' specified during out-of-context synthesis of instance 'core_0/ram_new/bram5' at clock pin 'clka' is different from the actual clock period '2.500', this can lead to different synthesis results.
WARNING: [Timing 38-316] Clock period '20.000' specified during out-of-context synthesis of instance 'core_0/ram_new/bram6' at clock pin 'clka' is different from the actual clock period '2.500', this can lead to different synthesis results.
WARNING: [Timing 38-316] Clock period '20.000' specified during out-of-context synthesis of instance 'core_0/ram_new/bram7' at clock pin 'clka' is different from the actual clock period '2.500', this can lead to different synthesis results.
WARNING: [Timing 38-316] Clock period '20.000' specified during out-of-context synthesis of instance 'core_0/ram_new/bram8' at clock pin 'clka' is different from the actual clock period '2.500', this can lead to different synthesis results.
WARNING: [Timing 38-316] Clock period '20.000' specified during out-of-context synthesis of instance 'core_0/ram_new/bram9' at clock pin 'clka' is different from the actual clock period '2.500', this can lead to different synthesis results.
WARNING: [Timing 38-316] Clock period '10.000' specified during out-of-context synthesis of instance 'output_terminal_inst/uart_fifo_inst' at clock pin 'clk' is different from the actual clock period '2.500', this can lead to different synthesis results.
INFO: [Designutils 20-5008] Incremental synthesis strategy off
---------------------------------------------------------------------------------
Finished Constraint Validation : Time (s): cpu = 00:00:09 ; elapsed = 00:00:09 . Memory (MB): peak = 1651.797 ; gain = 640.844
---------------------------------------------------------------------------------
---------------------------------------------------------------------------------
Start Loading Part and Timing Information
---------------------------------------------------------------------------------
Loading part: xc7a35tcpg236-1
---------------------------------------------------------------------------------
Finished Loading Part and Timing Information : Time (s): cpu = 00:00:09 ; elapsed = 00:00:09 . Memory (MB): peak = 1651.797 ; gain = 640.844
---------------------------------------------------------------------------------
---------------------------------------------------------------------------------
Start Applying 'set_property' XDC Constraints
---------------------------------------------------------------------------------
Applied set_property IO_BUFFER_TYPE = NONE for CLK100MHZ. (constraint file  c:/Users/arg/Documents/GitHub/FPGA/First_Project/First_Project.gen/sources_1/ip/clk_wiz_0/clk_wiz_0/clk_wiz_0_in_context.xdc, line 4).
Applied set_property CLOCK_BUFFER_TYPE = NONE for CLK100MHZ. (constraint file  c:/Users/arg/Documents/GitHub/FPGA/First_Project/First_Project.gen/sources_1/ip/clk_wiz_0/clk_wiz_0/clk_wiz_0_in_context.xdc, line 5).
Applied set_property KEEP_HIERARCHY = SOFT for clock_wiz_0. (constraint file  auto generated constraint).
Applied set_property KEEP_HIERARCHY = SOFT for dmic_fifo. (constraint file  auto generated constraint).
Applied set_property KEEP_HIERARCHY = SOFT for output_fifo. (constraint file  auto generated constraint).
Applied set_property KEEP_HIERARCHY = SOFT for core_0/ram_new/bram0. (constraint file  auto generated constraint).
Applied set_property KEEP_HIERARCHY = SOFT for core_0/ram_new/bram1. (constraint file  auto generated constraint).
Applied set_property KEEP_HIERARCHY = SOFT for core_0/ram_new/bram10. (constraint file  auto generated constraint).
Applied set_property KEEP_HIERARCHY = SOFT for core_0/ram_new/bram11. (constraint file  auto generated constraint).
Applied set_property KEEP_HIERARCHY = SOFT for core_0/ram_new/bram12. (constraint file  auto generated constraint).
Applied set_property KEEP_HIERARCHY = SOFT for core_0/ram_new/bram13. (constraint file  auto generated constraint).
Applied set_property KEEP_HIERARCHY = SOFT for core_0/ram_new/bram14. (constraint file  auto generated constraint).
Applied set_property KEEP_HIERARCHY = SOFT for core_0/ram_new/bram15. (constraint file  auto generated constraint).
Applied set_property KEEP_HIERARCHY = SOFT for core_0/ram_new/bram2. (constraint file  auto generated constraint).
Applied set_property KEEP_HIERARCHY = SOFT for core_0/ram_new/bram3. (constraint file  auto generated constraint).
Applied set_property KEEP_HIERARCHY = SOFT for core_0/ram_new/bram4. (constraint file  auto generated constraint).
Applied set_property KEEP_HIERARCHY = SOFT for core_0/ram_new/bram5. (constraint file  auto generated constraint).
Applied set_property KEEP_HIERARCHY = SOFT for core_0/ram_new/bram6. (constraint file  auto generated constraint).
Applied set_property KEEP_HIERARCHY = SOFT for core_0/ram_new/bram7. (constraint file  auto generated constraint).
Applied set_property KEEP_HIERARCHY = SOFT for core_0/ram_new/bram8. (constraint file  auto generated constraint).
Applied set_property KEEP_HIERARCHY = SOFT for core_0/ram_new/bram9. (constraint file  auto generated constraint).
Applied set_property KEEP_HIERARCHY = SOFT for output_terminal_inst/uart_fifo_inst. (constraint file  auto generated constraint).
Applied set_property KEEP_HIERARCHY = SOFT for core_0/cic_controller_inst/state_bram_inst. (constraint file  auto generated constraint).
---------------------------------------------------------------------------------
Finished applying 'set_property' XDC Constraints : Time (s): cpu = 00:00:09 ; elapsed = 00:00:09 . Memory (MB): peak = 1651.797 ; gain = 640.844
---------------------------------------------------------------------------------
INFO: [Synth 8-802] inferred FSM for state register 'state_reg' in module 'cic_controller'
INFO: [Synth 8-802] inferred FSM for state register 'state_reg' in module 'output_controller'
INFO: [Synth 8-802] inferred FSM for state register 'r_SM_Main_reg' in module 'uart_tx_r2'
---------------------------------------------------------------------------------------------------
                   State |                     New Encoding |                Previous Encoding 
---------------------------------------------------------------------------------------------------
                    idle |                              000 |                           000000
              pixel_load |                              001 |                           000001
                reg_load |                              010 |                           000010
              cic_guard1 |                              011 |                           000100
              cic_guard2 |                              100 |                           000101
                 cic_run |                              101 |                           000011
               reg_store |                              110 |                           000110
                 pix_inc |                              111 |                           000111
---------------------------------------------------------------------------------------------------
INFO: [Synth 8-3354] encoded FSM with state register 'state_reg' using encoding 'sequential' in module 'cic_controller'
---------------------------------------------------------------------------------------------------
                   State |                     New Encoding |                Previous Encoding 
---------------------------------------------------------------------------------------------------
                    idle |                              000 |                              000
                   wr_b3 |                              001 |                              001
                   wr_b2 |                              010 |                              010
                   wr_b1 |                              011 |                              011
                   wr_b0 |                              100 |                              100
---------------------------------------------------------------------------------------------------
INFO: [Synth 8-3354] encoded FSM with state register 'state_reg' using encoding 'sequential' in module 'output_controller'
---------------------------------------------------------------------------------------------------
                   State |                     New Encoding |                Previous Encoding 
---------------------------------------------------------------------------------------------------
                  s_IDLE |                              000 |                              000
          s_TX_START_BIT |                              001 |                              001
          s_TX_DATA_BITS |                              010 |                              010
           s_TX_STOP_BIT |                              011 |                              011
               s_CLEANUP |                              100 |                              100
---------------------------------------------------------------------------------------------------
INFO: [Synth 8-3354] encoded FSM with state register 'r_SM_Main_reg' using encoding 'sequential' in module 'uart_tx_r2'
---------------------------------------------------------------------------------
Finished RTL Optimization Phase 2 : Time (s): cpu = 00:00:09 ; elapsed = 00:00:10 . Memory (MB): peak = 1651.797 ; gain = 640.844
---------------------------------------------------------------------------------
---------------------------------------------------------------------------------
Start RTL Component Statistics 
---------------------------------------------------------------------------------
Detailed RTL Component Info : 
+---Adders : 
	   8 Input   32 Bit       Adders := 1     
	   3 Input   15 Bit       Adders := 1     
	   2 Input   14 Bit       Adders := 17    
	   2 Input   12 Bit       Adders := 1     
	   2 Input    8 Bit       Adders := 3     
	   2 Input    4 Bit       Adders := 2     
	   2 Input    3 Bit       Adders := 2     
+---Registers : 
	               24 Bit    Registers := 8     
	               12 Bit    Registers := 1     
	                8 Bit    Registers := 5     
	                4 Bit    Registers := 4     
	                3 Bit    Registers := 2     
	                1 Bit    Registers := 49    
+---Muxes : 
	   2 Input   24 Bit        Muxes := 4     
	   8 Input   12 Bit        Muxes := 1     
	   2 Input    8 Bit        Muxes := 2     
	   8 Input    8 Bit        Muxes := 1     
	   5 Input    8 Bit        Muxes := 1     
	   2 Input    4 Bit        Muxes := 2     
	   8 Input    4 Bit        Muxes := 1     
	   2 Input    3 Bit        Muxes := 8     
	   8 Input    3 Bit        Muxes := 1     
	   5 Input    3 Bit        Muxes := 2     
	   2 Input    2 Bit        Muxes := 8     
	   2 Input    1 Bit        Muxes := 5     
	   3 Input    1 Bit        Muxes := 8     
	   8 Input    1 Bit        Muxes := 11    
	  12 Input    1 Bit        Muxes := 10    
	   5 Input    1 Bit        Muxes := 14    
---------------------------------------------------------------------------------
Finished RTL Component Statistics 
---------------------------------------------------------------------------------
---------------------------------------------------------------------------------
Start Part Resource Summary
---------------------------------------------------------------------------------
Part Resources:
DSPs: 90 (col length:60)
BRAMs: 100 (col length: RAMB18 60 RAMB36 30)
---------------------------------------------------------------------------------
Finished Part Resource Summary
---------------------------------------------------------------------------------
---------------------------------------------------------------------------------
Start Cross Boundary and Area Optimization
---------------------------------------------------------------------------------
WARNING: [Synth 8-7080] Parallel synthesis criteria is not met
WARNING: [Synth 8-3917] design simple_io has port LED[7] driven by constant 1
WARNING: [Synth 8-7129] Port LED[15] in module simple_io is either unconnected or has no load
WARNING: [Synth 8-7129] Port LED[14] in module simple_io is either unconnected or has no load
WARNING: [Synth 8-7129] Port LED[13] in module simple_io is either unconnected or has no load
WARNING: [Synth 8-7129] Port LED[12] in module simple_io is either unconnected or has no load
WARNING: [Synth 8-7129] Port LED[11] in module simple_io is either unconnected or has no load
INFO: [Common 17-14] Message 'Synth 8-7129' appears 100 times and further instances of the messages will be disabled. Use the Tcl command set_msg_config to change the current settings.
---------------------------------------------------------------------------------
Finished Cross Boundary and Area Optimization : Time (s): cpu = 00:00:12 ; elapsed = 00:00:12 . Memory (MB): peak = 1651.797 ; gain = 640.844
---------------------------------------------------------------------------------
---------------------------------------------------------------------------------
Start Applying XDC Timing Constraints
---------------------------------------------------------------------------------
---------------------------------------------------------------------------------
Finished Applying XDC Timing Constraints : Time (s): cpu = 00:00:15 ; elapsed = 00:00:15 . Memory (MB): peak = 1651.797 ; gain = 640.844
---------------------------------------------------------------------------------
---------------------------------------------------------------------------------
Start Timing Optimization
---------------------------------------------------------------------------------
---------------------------------------------------------------------------------
Finished Timing Optimization : Time (s): cpu = 00:00:16 ; elapsed = 00:00:16 . Memory (MB): peak = 1651.797 ; gain = 640.844
---------------------------------------------------------------------------------
---------------------------------------------------------------------------------
Start Technology Mapping
---------------------------------------------------------------------------------
---------------------------------------------------------------------------------
Finished Technology Mapping : Time (s): cpu = 00:00:16 ; elapsed = 00:00:16 . Memory (MB): peak = 1651.797 ; gain = 640.844
---------------------------------------------------------------------------------
---------------------------------------------------------------------------------
Start IO Insertion
---------------------------------------------------------------------------------
---------------------------------------------------------------------------------
Start Flattening Before IO Insertion
---------------------------------------------------------------------------------
---------------------------------------------------------------------------------
Finished Flattening Before IO Insertion
---------------------------------------------------------------------------------
---------------------------------------------------------------------------------
Start Final Netlist Cleanup
---------------------------------------------------------------------------------
---------------------------------------------------------------------------------
Finished Final Netlist Cleanup
---------------------------------------------------------------------------------
CRITICAL WARNING: [Synth 8-6030] Inout pin 'JA[3]' is read and/or written without using tristate logic. Proper direction of connection may be wrongly inferred. Please use specific direction to avoid any incorrect logic issue [C:/Users/arg/Documents/GitHub/FPGA/First_Project/First_Project.srcs/sources_1/new/simple_io.v:23]
CRITICAL WARNING: [Synth 8-6030] Inout pin 'JC[3]' is read and/or written without using tristate logic. Proper direction of connection may be wrongly inferred. Please use specific direction to avoid any incorrect logic issue [C:/Users/arg/Documents/GitHub/FPGA/First_Project/First_Project.srcs/sources_1/new/simple_io.v:23]
CRITICAL WARNING: [Synth 8-6030] Inout pin 'JC[1]' is read and/or written without using tristate logic. Proper direction of connection may be wrongly inferred. Please use specific direction to avoid any incorrect logic issue [C:/Users/arg/Documents/GitHub/FPGA/First_Project/First_Project.srcs/sources_1/new/simple_io.v:23]
---------------------------------------------------------------------------------
Finished IO Insertion : Time (s): cpu = 00:00:19 ; elapsed = 00:00:19 . Memory (MB): peak = 1651.797 ; gain = 640.844
---------------------------------------------------------------------------------
---------------------------------------------------------------------------------
Start Renaming Generated Instances
---------------------------------------------------------------------------------
---------------------------------------------------------------------------------
Finished Renaming Generated Instances : Time (s): cpu = 00:00:19 ; elapsed = 00:00:19 . Memory (MB): peak = 1651.797 ; gain = 640.844
---------------------------------------------------------------------------------
---------------------------------------------------------------------------------
Start Rebuilding User Hierarchy
---------------------------------------------------------------------------------
---------------------------------------------------------------------------------
Finished Rebuilding User Hierarchy : Time (s): cpu = 00:00:19 ; elapsed = 00:00:19 . Memory (MB): peak = 1651.797 ; gain = 640.844
---------------------------------------------------------------------------------
---------------------------------------------------------------------------------
Start Renaming Generated Ports
---------------------------------------------------------------------------------
---------------------------------------------------------------------------------
Finished Renaming Generated Ports : Time (s): cpu = 00:00:19 ; elapsed = 00:00:19 . Memory (MB): peak = 1651.797 ; gain = 640.844
---------------------------------------------------------------------------------
---------------------------------------------------------------------------------
Start Handling Custom Attributes
---------------------------------------------------------------------------------
---------------------------------------------------------------------------------
Finished Handling Custom Attributes : Time (s): cpu = 00:00:19 ; elapsed = 00:00:19 . Memory (MB): peak = 1651.797 ; gain = 640.844
---------------------------------------------------------------------------------
---------------------------------------------------------------------------------
Start Renaming Generated Nets
---------------------------------------------------------------------------------
---------------------------------------------------------------------------------
Finished Renaming Generated Nets : Time (s): cpu = 00:00:19 ; elapsed = 00:00:19 . Memory (MB): peak = 1651.797 ; gain = 640.844
---------------------------------------------------------------------------------
---------------------------------------------------------------------------------
Start Writing Synthesis Report
---------------------------------------------------------------------------------

Report BlackBoxes: 
+------+-----------------+----------+
|      |BlackBox name    |Instances |
+------+-----------------+----------+
|1     |clk_wiz_0        |         1|
|2     |fifo_generator_0 |         2|
|3     |blk_mem_gen_18   |         1|
|4     |blk_mem_gen_0    |        16|
|5     |fifo_generator_2 |         1|
+------+-----------------+----------+

Report Cell Usage: 
+------+-----------------+------+
|      |Cell             |Count |
+------+-----------------+------+
|1     |blk_mem_gen      |     1|
|2     |blk_mem_gen_0    |    15|
|17    |blk_mem_gen      |     1|
|18    |clk_wiz          |     1|
|19    |fifo_generator   |     1|
|20    |fifo_generator_0 |     1|
|21    |fifo_generator   |     1|
|22    |BUFG             |     1|
|23    |CARRY4           |    51|
|24    |LUT1             |    23|
|25    |LUT2             |   137|
|26    |LUT3             |   135|
|27    |LUT4             |   175|
|28    |LUT5             |    48|
|29    |LUT6             |   118|
|30    |FDCE             |   377|
|31    |FDRE             |    47|
|32    |FDSE             |     1|
|33    |IBUF             |     9|
|34    |OBUF             |    18|
|35    |OBUFT            |    14|
+------+-----------------+------+
---------------------------------------------------------------------------------
Finished Writing Synthesis Report : Time (s): cpu = 00:00:19 ; elapsed = 00:00:19 . Memory (MB): peak = 1651.797 ; gain = 640.844
---------------------------------------------------------------------------------
Synthesis finished with 0 errors, 3 critical warnings and 38 warnings.
Synthesis Optimization Runtime : Time (s): cpu = 00:00:13 ; elapsed = 00:00:18 . Memory (MB): peak = 1651.797 ; gain = 566.316
Synthesis Optimization Complete : Time (s): cpu = 00:00:19 ; elapsed = 00:00:19 . Memory (MB): peak = 1651.797 ; gain = 640.844
INFO: [Project 1-571] Translating synthesized netlist
Netlist sorting complete. Time (s): cpu = 00:00:00 ; elapsed = 00:00:00.014 . Memory (MB): peak = 1651.797 ; gain = 0.000
INFO: [Netlist 29-17] Analyzing 51 Unisim elements for replacement
INFO: [Netlist 29-28] Unisim Transformation completed in 0 CPU seconds
INFO: [Project 1-570] Preparing netlist for logic optimization
INFO: [Opt 31-138] Pushed 0 inverter(s) to 0 load pin(s).
Netlist sorting complete. Time (s): cpu = 00:00:00 ; elapsed = 00:00:00 . Memory (MB): peak = 1651.797 ; gain = 0.000
INFO: [Project 1-111] Unisim Transformation Summary:
No Unisim elements were transformed.

Synth Design complete | Checksum: 849a66bd
INFO: [Common 17-83] Releasing license: Synthesis
65 Infos, 148 Warnings, 3 Critical Warnings and 0 Errors encountered.
synth_design completed successfully
synth_design: Time (s): cpu = 00:00:22 ; elapsed = 00:00:22 . Memory (MB): peak = 1651.797 ; gain = 1044.301
INFO: [runtcl-6] Synthesis results are not added to the cache due to CRITICAL_WARNING
Write ShapeDB Complete: Time (s): cpu = 00:00:00 ; elapsed = 00:00:00.001 . Memory (MB): peak = 1651.797 ; gain = 0.000
INFO: [Common 17-1381] The checkpoint 'C:/Users/arg/Documents/GitHub/FPGA/First_Project/First_Project.runs/synth_1/simple_io.dcp' has been generated.
INFO: [Vivado 12-24828] Executing command : report_utilization -file simple_io_utilization_synth.rpt -pb simple_io_utilization_synth.pb
INFO: [Common 17-206] Exiting Vivado at Mon Mar  3 03:44:09 2025...
