/core_0/cic_array_inst/cic_array__GB14
/core_0/cic_array_inst/cic_array__GB18
/core_0/cic_array_inst/cic_array__GB12
/core_0/cic_array_inst/cic_array__GB11
/simple_io__GC0
/core_0/cic_array_inst/cic_array__GB4
/core_0/cic_array_inst/cic_array__GB13
/core_0/cic_array_inst/cic_array__GB20
/core_0/cic_array_inst/cic_array__GB24
/core_0/cic_array_inst/cic_array__GB19
/core_0/cic_array_inst/cic_array__GB25
/core_0/cic_array_inst/cic_array__GB22
/core_0/cic_array_inst/cic_array__GB15
/core_0/cic_array_inst/cic_array__GB10
/core_0/cic_array_inst/cic_array__GB2
/core_0/cic_array_inst/cic_array__GB6
/core_0/cic_array_inst/cic_array__GB5
/core_0/cic_array_inst/cic_array__GB23
/core_0/core__GC0
/core_0/cic_array_inst/cic_array__GB3
/core_0/cic_array_inst/cic_array__GB8
/core_0/cic_array_inst/cic_array__GB16
/core_0/cic_array_inst/cic_array__GB17
/core_0/cic_array_inst/cic_array__GB7
/core_0/cic_array_inst/cic_array__GB1
/core_0/cic_array_inst/cic_array__GB21
/core_0/cic_array_inst/cic_array__GB9
/core_0/cic_array_inst/cic_array__GB0
